---
version: 1
interactions:
- request:
    body: Response=f6fdffe48c908deb0f4c3bd36c032e72&language=EN&username=admin
    form:
      Response:
      - f6fdffe48c908deb0f4c3bd36c032e72
      language:
      - EN
      username:
      - admin
    headers:
      Content-Type:
      - application/x-www-form-urlencoded
      Cookie:
      - admin=f6fdffe48c908deb0f4c3bd36c032e72
    url: http://localhost/login.cgi
    method: POST
  response:
    body: |
      <html>

      <head>
      <title>ZX-SWTG124AS</title>
      </head>

      <body>
      <script type="text/javascript">
      window.top.location.replace("/");
      </script>
      </body>
      </html>
    headers:
      Content-Type:
      - text/html
    status: 200 OK
    code: 200
    duration: ""
- request:
    body: ""
    form: {}
    headers:
      Cookie:
      - admin=f6fdffe48c908deb0f4c3bd36c032e72
    url: http://localhost/login.cgi
    method: GET
  response:
    body: "<html>\n<head>\n<title>ZX-SWTG124AS</title>\n<script language=\"javascript\"
      src=\"md5.js\"></script>\n<script language=\"JavaScript\">\nfunction SetBtnVal()\n{\n\tdocument.cookie
      = \"admin=\";\n};\nfunction formSubmit()\n{\n\tvar str = document.login.username.value
      + document.login.password.value \n\tdocument.login.Response.value = hex_md5(str);\n\tdocument.cookie
      = \"admin=\"+document.login.Response.value;\n\tdocument.login.submit();\n}\nfunction
      radio_ch_sel()\n{\n\tdocument.getElementById(\"div_name\").innerHTML = \"用户
      \  <input id='inname' type='text' name='username'>\";\n\tdocument.getElementById(\"div_pwd\").innerHTML
      = \"密码   <input id='inpwd' type='password' name='password'>\";\n\tdocument.getElementById(\"div_lgi\").value
      = \"登录\";\n}\nfunction radio_en_sel()\n{\n\tdocument.getElementById(\"div_name\").innerHTML
      = \"Username   <input id='inname' type='text' name='username'>\";\n\tdocument.getElementById(\"div_pwd\").innerHTML
      = \"Password   <input id='inpwd' type='password' name='password'>\";\n\tdocument.getElementById(\"div_lgi\").value
      = \"Login\";\n}\nfunction on_return(event)\n{\n\tif(event.keyCode == 13){\n\t\tif
      (document.getElementById(\"div_lgi\") != null) {\n\t\t\tif (document.activeElement
      == document.getElementById(\"inname\") || \n\t\t\t\tdocument.activeElement ==
      document.getElementById(\"inpwd\"))\n\t\t\t\tdocument.getElementById(\"div_lgi\").click();\n\t\t}\n\t}\n}\n</script>\n</head>\n<body
      onload=\"SetBtnVal()\" onkeydown=\"on_return(event);\">\n<center>\n<br><br><br><br><br><br>\n<form
      method=\"post\" name = \"login\" action=\"login.cgi\">\n<div id=\"log_image\"
      style=\"background-color:#F2F2F3; font-size:16px; color: #000000; width:350px;
      height:250px\";>\n\t<div id=\"text_box\" style=\"position: relative; left:0px;
      top:30px\";>\n\t\t<div id=\"div_name\">Username   <input id=\"inname\" type=\"text\"
      name=\"username\"></div>\n\t\t<br><br>\n\t\t<div id=\"div_pwd\">Password  <input
      id=\"inpwd\" type=\"password\" name=\"password\"></div>\n\t\t<br><br>\n\t\t<input
      id=\"div_lgi\" type=\"button\" onclick=\"formSubmit()\" value=\" Login \">\n\t\t<input
      type=\"hidden\" name=\"language\" value=\"EN\">\n\t</div>\n</div>\n<input type=\"hidden\"
      name=\"Response\" value=\"\">\n</form>\n</center>\n</body>\n</html>\n"
    headers:
      Content-Type:
      - text/html; charset=utf-8
    status: 200 OK
    code: 200
    duration: ""
- request:
    body: ""
    form: {}
    headers:
      Cookie:
      - admin=f6fdffe48c908deb0f4c3bd36c032e72
    url: http://localhost
    method: GET
  response:
    body: |
      <html>
      <head>
      <meta HTTP-EQUIV="Content-Type" CONTENT="text/html; charset=UTF-8">
      <title>ZX-SWTG124AS</title>
      </head>

      <frameset cols="0, 250,*">
      <frame name="hidden_frame" frameborder="0" src="hidden.cgi" >
      <frame name="menu-frame" target="main-frame" src="menu.cgi" >
      <frameset rows="130,*">
      <frame name="panel-frame" scrolling="no" src="panel.cgi" noresize>
      <frame name="main-frame" src="info.cgi" noresize>
      <noframes>
      <body>
      <p>This page uses frames, but the browser does not support them.</p>
      </body>
      </noframes>
      </frameset>
      </html>
    headers:
      Content-Type:
      - text/html
    status: 200 OK
    code: 200
    duration: ""
- request:
    body: Response=f6fdffe48c908deb0f4c3bd36c032e72&language=EN&username=admin
    form:
      Response:
      - f6fdffe48c908deb0f4c3bd36c032e72
      language:
      - EN
      username:
      - admin
    headers:
      Content-Type:
      - application/x-www-form-urlencoded
      Cookie:
      - admin=f6fdffe48c908deb0f4c3bd36c032e72
    url: http://localhost/login.cgi
    method: POST
  response:
    body: |
      <html>

      <head>
      <title>ZX-SWTG124AS</title>
      </head>

      <body>
      <script type="text/javascript">
      window.top.location.replace("/");
      </script>
      </body>
      </html>
    headers:
      Content-Type:
      - text/html
    status: 200 OK
    code: 200
    duration: ""
- request:
    body: ""
    form: {}
    headers:
      Cookie:
      - admin=f6fdffe48c908deb0f4c3bd36c032e72
    url: http://localhost/login.cgi
    method: GET
  response:
    body: "<html>\n<head>\n<title>ZX-SWTG124AS</title>\n<script language=\"javascript\"
      src=\"md5.js\"></script>\n<script language=\"JavaScript\">\nfunction SetBtnVal()\n{\n\tdocument.cookie
      = \"admin=\";\n};\nfunction formSubmit()\n{\n\tvar str = document.login.username.value
      + document.login.password.value \n\tdocument.login.Response.value = hex_md5(str);\n\tdocument.cookie
      = \"admin=\"+document.login.Response.value;\n\tdocument.login.submit();\n}\nfunction
      radio_ch_sel()\n{\n\tdocument.getElementById(\"div_name\").innerHTML = \"用户
      \  <input id='inname' type='text' name='username'>\";\n\tdocument.getElementById(\"div_pwd\").innerHTML
      = \"密码   <input id='inpwd' type='password' name='password'>\";\n\tdocument.getElementById(\"div_lgi\").value
      = \"登录\";\n}\nfunction radio_en_sel()\n{\n\tdocument.getElementById(\"div_name\").innerHTML
      = \"Username   <input id='inname' type='text' name='username'>\";\n\tdocument.getElementById(\"div_pwd\").innerHTML
      = \"Password   <input id='inpwd' type='password' name='password'>\";\n\tdocument.getElementById(\"div_lgi\").value
      = \"Login\";\n}\nfunction on_return(event)\n{\n\tif(event.keyCode == 13){\n\t\tif
      (document.getElementById(\"div_lgi\") != null) {\n\t\t\tif (document.activeElement
      == document.getElementById(\"inname\") || \n\t\t\t\tdocument.activeElement ==
      document.getElementById(\"inpwd\"))\n\t\t\t\tdocument.getElementById(\"div_lgi\").click();\n\t\t}\n\t}\n}\n</script>\n</head>\n<body
      onload=\"SetBtnVal()\" onkeydown=\"on_return(event);\">\n<center>\n<br><br><br><br><br><br>\n<form
      method=\"post\" name = \"login\" action=\"login.cgi\">\n<div id=\"log_image\"
      style=\"background-color:#F2F2F3; font-size:16px; color: #000000; width:350px;
      height:250px\";>\n\t<div id=\"text_box\" style=\"position: relative; left:0px;
      top:30px\";>\n\t\t<div id=\"div_name\">Username   <input id=\"inname\" type=\"text\"
      name=\"username\"></div>\n\t\t<br><br>\n\t\t<div id=\"div_pwd\">Password  <input
      id=\"inpwd\" type=\"password\" name=\"password\"></div>\n\t\t<br><br>\n\t\t<input
      id=\"div_lgi\" type=\"button\" onclick=\"formSubmit()\" value=\" Login \">\n\t\t<input
      type=\"hidden\" name=\"language\" value=\"EN\">\n\t</div>\n</div>\n<input type=\"hidden\"
      name=\"Response\" value=\"\">\n</form>\n</center>\n</body>\n</html>\n"
    headers:
      Content-Type:
      - text/html; charset=utf-8
    status: 200 OK
    code: 200
    duration: ""
- request:
    body: ""
    form: {}
    headers:
      Cookie:
      - admin=f6fdffe48c908deb0f4c3bd36c032e72
    url: http://localhost
    method: GET
  response:
    body: |
      <html>
      <head>
      <meta HTTP-EQUIV="Content-Type" CONTENT="text/html; charset=UTF-8">
      <title>ZX-SWTG124AS</title>
      </head>

      <frameset cols="0, 250,*">
      <frame name="hidden_frame" frameborder="0" src="hidden.cgi" >
      <frame name="menu-frame" target="main-frame" src="menu.cgi" >
      <frameset rows="130,*">
      <frame name="panel-frame" scrolling="no" src="panel.cgi" noresize>
      <frame name="main-frame" src="info.cgi" noresize>
      <noframes>
      <body>
      <p>This page uses frames, but the browser does not support them.</p>
      </body>
      </noframes>
      </frameset>
      </html>
    headers:
      Content-Type:
      - text/html
    status: 200 OK
    code: 200
    duration: ""
- request:
    body: ""
    form: {}
    headers:
      Cookie:
      - admin=f6fdffe48c908deb0f4c3bd36c032e72
    url: http://localhost/port.cgi
    method: GET
  response:
    body: "<html>\n\n<head>\n<title>Port Setting</title>\n<link rel=\"stylesheet\"
      type=\"text/css\" href=\"/style.css\">\n<script type=\"text/javascript\">\n</script>\n</head>\n\n<body>\n<center>\n\n<fieldset>\n<legend>Port
      Setting</legend>\n<form method=\"post\" action=\"port.cgi\">\n\t<table border=\"1\">\n\t<tr>\n\t\t<th
      class=MidSize>Port</th>\n\t\t<th>State</th>\n\t\t<th>Speed/Duplex</th>\n\t\t<th>Flow
      Control</th>\n\t</tr>\n\t<tr>\n\t\t<td align=\"center\">\n\t\t\t<select name=\"portid\"
      multiple size=\"4\" >\n\t\t\t<option value=\"0\">Port 1\n\t\t\t<option value=\"1\">Port
      2\n\t\t\t<option value=\"2\">Port 3\n\t\t\t<option value=\"3\">Port 4\n\t\t</td>\n\t\t<td
      align=\"center\">\n\t\t\t<select name=\"state\" class=MidSize>\n\t\t\t<option
      value=\"1\">Enable\n\t\t\t<option value=\"0\">Disable\n\t\t\t</select>\n\t\t</td>\n\t\t<td
      align=\"center\">\n\t\t\t<select name=\"speed_duplex\" class=MidSize>\n\t\t\t<option
      value=\"0\">Auto\n\t\t\t<option value=\"1\">10M/Half\n\t\t\t<option value=\"2\">10M/Full\n\t\t\t<option
      value=\"3\">100M/Half\n\t\t\t<option value=\"4\">100M/Full\n\t\t\t<option value=\"5\">1000M/Full\n\t\t\t<option
      value=\"6\">2500M/Full\n\t\t\t</select>\n\t\t</td>\n\t\t<td align=\"center\">\n\t\t\t<select
      name=\"flow\" class=MidSize>\n\t\t\t<option value=\"0\">Off\n\t\t\t<option value=\"1\">On\n\t\t\t</select>\n\t\t</td>\n\t</tr>\n\t</table>\n<br
      style=\"line-height:50%\">\n<input type=\"submit\" name=\"submit\" value=\"
      \  Apply   \">\n<input type=\"hidden\" name=\"cmd\" value=\"port\">\n</form>\n<hr>\n<form
      method=\"post\" action=\"port.cgi\">\n\t<table border=\"1\">\n\t<tr>\n\t\t<th
      class=MidSize>Port</th>\n\t\t<th>State</th>\n\t\t<th>Speed/Duplex</th>\n\t\t<th>Flow
      Control</th>\n\t</tr>\n\t<tr>\n\t\t<td align=\"center\">\n\t\t\t<select name=\"portid\"
      multiple size=\"2\" >\n\t\t\t<option value=\"4\">Port 5\n\t\t\t<option value=\"5\">Port
      6\n\t\t</td>\n\t\t<td align=\"center\">\n\t\t\t<select name=\"state\" class=MidSize>\n\t\t\t<option
      value=\"1\">Enable\n\t\t\t<option value=\"0\">Disable\n\t\t\t</select>\n\t\t</td>\n\t\t<td
      align=\"center\">\n\t\t\t<select name=\"speed_duplex\" class=MidSize>\n\t\t\t<option
      value=\"0\">Auto\n\t\t\t<option value=\"4\">100M/Full\n\t\t\t<option value=\"5\">1000M/Full\n\t\t\t<option
      value=\"6\">2500M/Full\n\t\t\t<option value=\"8\">10G/Full\n\t\t\t</select>\n\t\t</td>\n\t\t<td
      align=\"center\">\n\t\t\t<select name=\"flow\" class=MidSize>\n\t\t\t<option
      value=\"0\">Off\n\t\t\t<option value=\"1\">On\n\t\t\t</select>\n\t\t</td>\n\t</tr>\n\t</table>\n<br
      style=\"line-height:50%\">\n<input type=\"submit\" name=\"submit\" value=\"
      \  Apply   \">\n<input type=\"hidden\" name=\"cmd\" value=\"port\">\n</form>\n<hr>\n<br>\n<table
      border=\"1\">\n  <tr>\n    <th rowspan=\"2\" width=\"90\">Port</th>\n    <th
      rowspan=\"2\" width=\"90\">State</th>\n    <th colspan=\"2\">Speed/Duplex</th>\n
      \   <th colspan=\"2\">Flow Control</th>\n  </tr>\n  <tr>\n    <th width=\"90\">Config</th>\n
      \   <th width=\"90\">Actual</th>\n    <th width=\"90\">Config</th>\n    <th
      width=\"90\">Actual</th>\n  </tr>\n  <tr>\n    <td>Port 1</td>\n    <td>Enable</td>\n
      \   <td>Auto</td>\n    <td>1000Full</td>\n    <td>Off</td>\n    <td>Off</td>\n
      \ </tr>\n  <tr>\n    <td>Port 2</td>\n    <td>Enable</td>\n    <td>Auto</td>\n
      \   <td>Link Down</td>\n    <td>Off</td>\n    <td>Off</td>\n  </tr>\n  <tr>\n
      \   <td>Port 3</td>\n    <td>Enable</td>\n    <td>Auto</td>\n    <td>Link Down</td>\n
      \   <td>Off</td>\n    <td>Off</td>\n  </tr>\n  <tr>\n    <td>Port 4</td>\n    <td>Enable</td>\n
      \   <td>Auto</td>\n    <td>Link Down</td>\n    <td>Off</td>\n    <td>Off</td>\n
      \ </tr>\n  <tr>\n    <td>Port 5</td>\n    <td>Enable</td>\n    <td>Auto</td>\n
      \   <td>Link Down</td>\n    <td>Off</td>\n    <td>Off</td>\n  </tr>\n  <tr>\n
      \   <td>Port 6</td>\n    <td>Enable</td>\n    <td>Auto</td>\n    <td>Link Down</td>\n
      \   <td>Off</td>\n    <td>Off</td>\n  </tr>\n</table>\n<br>\n</fieldset>\n</center>\n</body>\n</html>\n"
    headers:
      Content-Type:
      - text/html
    status: 200 OK
    code: 200
    duration: ""
- request:
    body: cmd=stp_port&cost=200000&edge=true&p2p=&portid=0&priority=128&submit=%2B%2B%2BApply%2B%2B%2B
    form:
      cmd:
      - stp_port
      cost:
      - "200000"
      edge:
      - "true"
      p2p:
      - ""
      portid:
      - "0"
      priority:
      - "128"
      submit:
      - +++Apply+++
    headers:
      Content-Type:
      - application/x-www-form-urlencoded
      Cookie:
      - admin=f6fdffe48c908deb0f4c3bd36c032e72
    url: http://localhost/loop.cgi?page=stp_port
    method: POST
  response:
    body: |
      <html>

      <head>
      <title>Spanning Tree Port Setting</title>
      <link rel="stylesheet" type="text/css" href="/style.css">
      <script type="text/javascript">
      </script>
      </head>

      <body>
      <center>

      <fieldset>
      <legend>Spanning Tree Port Setting</legend>
      <form method="post" action="loop.cgi?page=stp_port">
        <table border="1">
          <tr>
            <th >Port</th>
            <th width="210">Path Cost</th>
            <th width="100">Priority</th>
            <th width="100">P2P</th>
            <th width="100">Edge</th>
          </tr>
          <tr>
            <td align="center">
              <select name="portid" multiple size="6" >
                <option value="0">Port 1
                <option value="1">Port 2
                <option value="2">Port 3
                <option value="3">Port 4
                <option value="4">Port 5
                <option value="5">Port 6
            </td>
            <td align="center"><input type="text" size="10" name="cost" maxlength="9" value="0"> <br>(1~200000000),0=Auto</td>
            <td align="center">
              <select name="priority" size="1">
                <option value="0">0
                <option value="16">16
                <option value="32">32
                <option value="48">48
                <option value="64">64
                <option value="80">80
                <option value="96">96
                <option value="112">112
                <option value="128" selected>128
                <option value="144">144
                <option value="160">160
                <option value="176">176
                <option value="192">192
                <option value="208">208
                <option value="224">224
                <option value="240">240
              </select>
            </td>
            <td align="center">
              <select name="p2p">
                <option value="false">False
                <option value="true">True
                <option value="auto" selected>Auto
              </select>
            </td>
            <td align="center">
              <select name="edge">
                <option value="false">False
                <option value="true">True
              </select>
            </td>
          </tr>
        </table>
        <br style="line-height:50%">
        <input type="submit" name="submit" value="   Apply   ">
        <input type="hidden" name="cmd" value="stp_port">
      </form>
      <hr>
      <br>
      <table border="1">
        <tr>
          <th rowspan="2" width="115">Port</th>
          <th rowspan="2" width="165">State</th>
          <th rowspan="2" width="165">Role</th>
          <th colspan="2" width="165">Path Cost</th>
          <th rowspan="2" width="90">Priority</th>
          <th colspan="2" width="90">P2P</th>
          <th colspan="2" width="90">Edge</th>
        </tr>
        <tr>
          <th>Config</th>
          <th>Actual</th>
          <th>Config</th>
          <th>Actual</th>
          <th>Config</th>
          <th>Actual</th>
        </tr>
        <tr>
          <td>Port 1</td>
          <td align="center">Forwarding</td>
      <td align="center">Disabled</td>
      <td align="center">200000</td>
      <td align="center">200000</td>
          <td align="center">128</td>
          <td align="center">True</td>
      <td align="center">TRUE</td>
          <td align="center">True</td>
          <td align="center">False</td>
        </tr>
        <tr>
          <td>Port 2</td>
          <td align="center">Forwarding</td>
      <td align="center">Disabled</td>
      <td align="center">Auto</td>
      <td align="center">2000000</td>
          <td align="center">128</td>
          <td align="center">True</td>
      <td align="center">TRUE</td>
          <td align="center">False</td>
          <td align="center">False</td>
        </tr>
        <tr>
          <td>Port 3</td>
          <td align="center">Forwarding</td>
      <td align="center">Disabled</td>
      <td align="center">Auto</td>
      <td align="center">2000000</td>
          <td align="center">128</td>
          <td align="center">True</td>
      <td align="center">TRUE</td>
          <td align="center">False</td>
          <td align="center">False</td>
        </tr>
        <tr>
          <td>Port 4</td>
          <td align="center">Forwarding</td>
      <td align="center">Disabled</td>
      <td align="center">Auto</td>
      <td align="center">2000000</td>
          <td align="center">128</td>
          <td align="center">True</td>
      <td align="center">TRUE</td>
          <td align="center">False</td>
          <td align="center">False</td>
        </tr>
        <tr>
          <td>Port 5</td>
          <td align="center">Forwarding</td>
      <td align="center">Disabled</td>
      <td align="center">Auto</td>
      <td align="center">2000000</td>
          <td align="center">128</td>
          <td align="center">True</td>
      <td align="center">TRUE</td>
          <td align="center">False</td>
          <td align="center">False</td>
        </tr>
        <tr>
          <td>Port 6</td>
          <td align="center">Forwarding</td>
      <td align="center">Disabled</td>
      <td align="center">Auto</td>
      <td align="center">2000000</td>
          <td align="center">128</td>
          <td align="center">True</td>
      <td align="center">TRUE</td>
          <td align="center">False</td>
          <td align="center">False</td>
        </tr>
      </table>
      <br>
      </fieldset>
      </center>
      </body>
      </html>
    headers:
      Content-Type:
      - text/html
    status: 200 OK
    code: 200
    duration: ""
- request:
    body: cmd=save
    form:
      cmd:
      - save
    headers:
      Content-Type:
      - application/x-www-form-urlencoded
      Cookie:
      - admin=f6fdffe48c908deb0f4c3bd36c032e72
    url: http://localhost/save.cgi
    method: POST
  response:
    body: |
      <html>

      <head>
      <title>Save</title>
      <link rel="stylesheet" type="text/css" href="/style.css">
      <script type="text/javascript">
      </script>
      </head>

      <body>
      <center>

      <fieldset>
      <legend>Save configuration</legend>
      <b style="font-weight:normal;font-family: Geneva, Arial, Helvetica, sans-serif;letter-spacing:.45pt">Successfully Saved</b>
      <p>
      </fieldset>
      </center>
      </body>
      </html>
    headers:
      Content-Type:
      - text/html
    status: 200 OK
    code: 200
    duration: ""
- request:
    body: ""
    form: {}
    headers:
      Cookie:
      - admin=f6fdffe48c908deb0f4c3bd36c032e72
    url: http://localhost/loop.cgi?page=stp_port
    method: GET
  response:
    body: |
      <html>

      <head>
      <title>Spanning Tree Port Setting</title>
      <link rel="stylesheet" type="text/css" href="/style.css">
      <script type="text/javascript">
      </script>
      </head>

      <body>
      <center>

      <fieldset>
      <legend>Spanning Tree Port Setting</legend>
      <form method="post" action="loop.cgi?page=stp_port">
        <table border="1">
          <tr>
            <th >Port</th>
            <th width="210">Path Cost</th>
            <th width="100">Priority</th>
            <th width="100">P2P</th>
            <th width="100">Edge</th>
          </tr>
          <tr>
            <td align="center">
              <select name="portid" multiple size="6" >
                <option value="0">Port 1
                <option value="1">Port 2
                <option value="2">Port 3
                <option value="3">Port 4
                <option value="4">Port 5
                <option value="5">Port 6
            </td>
            <td align="center"><input type="text" size="10" name="cost" maxlength="9" value="0"> <br>(1~200000000),0=Auto</td>
            <td align="center">
              <select name="priority" size="1">
                <option value="0">0
                <option value="16">16
                <option value="32">32
                <option value="48">48
                <option value="64">64
                <option value="80">80
                <option value="96">96
                <option value="112">112
                <option value="128" selected>128
                <option value="144">144
                <option value="160">160
                <option value="176">176
                <option value="192">192
                <option value="208">208
                <option value="224">224
                <option value="240">240
              </select>
            </td>
            <td align="center">
              <select name="p2p">
                <option value="false">False
                <option value="true">True
                <option value="auto" selected>Auto
              </select>
            </td>
            <td align="center">
              <select name="edge">
                <option value="false">False
                <option value="true">True
              </select>
            </td>
          </tr>
        </table>
        <br style="line-height:50%">
        <input type="submit" name="submit" value="   Apply   ">
        <input type="hidden" name="cmd" value="stp_port">
      </form>
      <hr>
      <br>
      <table border="1">
        <tr>
          <th rowspan="2" width="115">Port</th>
          <th rowspan="2" width="165">State</th>
          <th rowspan="2" width="165">Role</th>
          <th colspan="2" width="165">Path Cost</th>
          <th rowspan="2" width="90">Priority</th>
          <th colspan="2" width="90">P2P</th>
          <th colspan="2" width="90">Edge</th>
        </tr>
        <tr>
          <th>Config</th>
          <th>Actual</th>
          <th>Config</th>
          <th>Actual</th>
          <th>Config</th>
          <th>Actual</th>
        </tr>
        <tr>
          <td>Port 1</td>
          <td align="center">Forwarding</td>
      <td align="center">Disabled</td>
      <td align="center">200000</td>
      <td align="center">200000</td>
          <td align="center">128</td>
          <td align="center">True</td>
      <td align="center">TRUE</td>
          <td align="center">True</td>
          <td align="center">False</td>
        </tr>
        <tr>
          <td>Port 2</td>
          <td align="center">Forwarding</td>
      <td align="center">Disabled</td>
      <td align="center">Auto</td>
      <td align="center">2000000</td>
          <td align="center">128</td>
          <td align="center">True</td>
      <td align="center">TRUE</td>
          <td align="center">False</td>
          <td align="center">False</td>
        </tr>
        <tr>
          <td>Port 3</td>
          <td align="center">Forwarding</td>
      <td align="center">Disabled</td>
      <td align="center">Auto</td>
      <td align="center">2000000</td>
          <td align="center">128</td>
          <td align="center">True</td>
      <td align="center">TRUE</td>
          <td align="center">False</td>
          <td align="center">False</td>
        </tr>
        <tr>
          <td>Port 4</td>
          <td align="center">Forwarding</td>
      <td align="center">Disabled</td>
      <td align="center">Auto</td>
      <td align="center">2000000</td>
          <td align="center">128</td>
          <td align="center">True</td>
      <td align="center">TRUE</td>
          <td align="center">False</td>
          <td align="center">False</td>
        </tr>
        <tr>
          <td>Port 5</td>
          <td align="center">Forwarding</td>
      <td align="center">Disabled</td>
      <td align="center">Auto</td>
      <td align="center">2000000</td>
          <td align="center">128</td>
          <td align="center">True</td>
      <td align="center">TRUE</td>
          <td align="center">False</td>
          <td align="center">False</td>
        </tr>
        <tr>
          <td>Port 6</td>
          <td align="center">Forwarding</td>
      <td align="center">Disabled</td>
      <td align="center">Auto</td>
      <td align="center">2000000</td>
          <td align="center">128</td>
          <td align="center">True</td>
      <td align="center">TRUE</td>
          <td align="center">False</td>
          <td align="center">False</td>
        </tr>
      </table>
      <br>
      </fieldset>
      </center>
      </body>
      </html>
    headers:
      Content-Type:
      - text/html
    status: 200 OK
    code: 200
    duration: ""
- request:
    body: Response=f6fdffe48c908deb0f4c3bd36c032e72&language=EN&username=admin
    form:
      Response:
      - f6fdffe48c908deb0f4c3bd36c032e72
      language:
      - EN
      username:
      - admin
    headers:
      Content-Type:
      - application/x-www-form-urlencoded
      Cookie:
      - admin=f6fdffe48c908deb0f4c3bd36c032e72
    url: http://localhost/login.cgi
    method: POST
  response:
    body: |
      <html>

      <head>
      <title>ZX-SWTG124AS</title>
      </head>

      <body>
      <script type="text/javascript">
      window.top.location.replace("/");
      </script>
      </body>
      </html>
    headers:
      Content-Type:
      - text/html
    status: 200 OK
    code: 200
    duration: ""
- request:
    body: ""
    form: {}
    headers:
      Cookie:
      - admin=f6fdffe48c908deb0f4c3bd36c032e72
    url: http://localhost/login.cgi
    method: GET
  response:
    body: "<html>\n<head>\n<title>ZX-SWTG124AS</title>\n<script language=\"javascript\"
      src=\"md5.js\"></script>\n<script language=\"JavaScript\">\nfunction SetBtnVal()\n{\n\tdocument.cookie
      = \"admin=\";\n};\nfunction formSubmit()\n{\n\tvar str = document.login.username.value
      + document.login.password.value \n\tdocument.login.Response.value = hex_md5(str);\n\tdocument.cookie
      = \"admin=\"+document.login.Response.value;\n\tdocument.login.submit();\n}\nfunction
      radio_ch_sel()\n{\n\tdocument.getElementById(\"div_name\").innerHTML = \"用户
      \  <input id='inname' type='text' name='username'>\";\n\tdocument.getElementById(\"div_pwd\").innerHTML
      = \"密码   <input id='inpwd' type='password' name='password'>\";\n\tdocument.getElementById(\"div_lgi\").value
      = \"登录\";\n}\nfunction radio_en_sel()\n{\n\tdocument.getElementById(\"div_name\").innerHTML
      = \"Username   <input id='inname' type='text' name='username'>\";\n\tdocument.getElementById(\"div_pwd\").innerHTML
      = \"Password   <input id='inpwd' type='password' name='password'>\";\n\tdocument.getElementById(\"div_lgi\").value
      = \"Login\";\n}\nfunction on_return(event)\n{\n\tif(event.keyCode == 13){\n\t\tif
      (document.getElementById(\"div_lgi\") != null) {\n\t\t\tif (document.activeElement
      == document.getElementById(\"inname\") || \n\t\t\t\tdocument.activeElement ==
      document.getElementById(\"inpwd\"))\n\t\t\t\tdocument.getElementById(\"div_lgi\").click();\n\t\t}\n\t}\n}\n</script>\n</head>\n<body
      onload=\"SetBtnVal()\" onkeydown=\"on_return(event);\">\n<center>\n<br><br><br><br><br><br>\n<form
      method=\"post\" name = \"login\" action=\"login.cgi\">\n<div id=\"log_image\"
      style=\"background-color:#F2F2F3; font-size:16px; color: #000000; width:350px;
      height:250px\";>\n\t<div id=\"text_box\" style=\"position: relative; left:0px;
      top:30px\";>\n\t\t<div id=\"div_name\">Username   <input id=\"inname\" type=\"text\"
      name=\"username\"></div>\n\t\t<br><br>\n\t\t<div id=\"div_pwd\">Password  <input
      id=\"inpwd\" type=\"password\" name=\"password\"></div>\n\t\t<br><br>\n\t\t<input
      id=\"div_lgi\" type=\"button\" onclick=\"formSubmit()\" value=\" Login \">\n\t\t<input
      type=\"hidden\" name=\"language\" value=\"EN\">\n\t</div>\n</div>\n<input type=\"hidden\"
      name=\"Response\" value=\"\">\n</form>\n</center>\n</body>\n</html>\n"
    headers:
      Content-Type:
      - text/html; charset=utf-8
    status: 200 OK
    code: 200
    duration: ""
- request:
    body: ""
    form: {}
    headers:
      Cookie:
      - admin=f6fdffe48c908deb0f4c3bd36c032e72
    url: http://localhost
    method: GET
  response:
    body: |
      <html>
      <head>
      <meta HTTP-EQUIV="Content-Type" CONTENT="text/html; charset=UTF-8">
      <title>ZX-SWTG124AS</title>
      </head>

      <frameset cols="0, 250,*">
      <frame name="hidden_frame" frameborder="0" src="hidden.cgi" >
      <frame name="menu-frame" target="main-frame" src="menu.cgi" >
      <frameset rows="130,*">
      <frame name="panel-frame" scrolling="no" src="panel.cgi" noresize>
      <frame name="main-frame" src="info.cgi" noresize>
      <noframes>
      <body>
      <p>This page uses frames, but the browser does not support them.</p>
      </body>
      </noframes>
      </frameset>
      </html>
    headers:
      Content-Type:
      - text/html
    status: 200 OK
    code: 200
    duration: ""
- request:
    body: Response=f6fdffe48c908deb0f4c3bd36c032e72&language=EN&username=admin
    form:
      Response:
      - f6fdffe48c908deb0f4c3bd36c032e72
      language:
      - EN
      username:
      - admin
    headers:
      Content-Type:
      - application/x-www-form-urlencoded
      Cookie:
      - admin=f6fdffe48c908deb0f4c3bd36c032e72
    url: http://localhost/login.cgi
    method: POST
  response:
    body: |
      <html>

      <head>
      <title>ZX-SWTG124AS</title>
      </head>

      <body>
      <script type="text/javascript">
      window.top.location.replace("/");
      </script>
      </body>
      </html>
    headers:
      Content-Type:
      - text/html
    status: 200 OK
    code: 200
    duration: ""
- request:
    body: ""
    form: {}
    headers:
      Cookie:
      - admin=f6fdffe48c908deb0f4c3bd36c032e72
    url: http://localhost/login.cgi
    method: GET
  response:
    body: "<html>\n<head>\n<title>ZX-SWTG124AS</title>\n<script language=\"javascript\"
      src=\"md5.js\"></script>\n<script language=\"JavaScript\">\nfunction SetBtnVal()\n{\n\tdocument.cookie
      = \"admin=\";\n};\nfunction formSubmit()\n{\n\tvar str = document.login.username.value
      + document.login.password.value \n\tdocument.login.Response.value = hex_md5(str);\n\tdocument.cookie
      = \"admin=\"+document.login.Response.value;\n\tdocument.login.submit();\n}\nfunction
      radio_ch_sel()\n{\n\tdocument.getElementById(\"div_name\").innerHTML = \"用户
      \  <input id='inname' type='text' name='username'>\";\n\tdocument.getElementById(\"div_pwd\").innerHTML
      = \"密码   <input id='inpwd' type='password' name='password'>\";\n\tdocument.getElementById(\"div_lgi\").value
      = \"登录\";\n}\nfunction radio_en_sel()\n{\n\tdocument.getElementById(\"div_name\").innerHTML
      = \"Username   <input id='inname' type='text' name='username'>\";\n\tdocument.getElementById(\"div_pwd\").innerHTML
      = \"Password   <input id='inpwd' type='password' name='password'>\";\n\tdocument.getElementById(\"div_lgi\").value
      = \"Login\";\n}\nfunction on_return(event)\n{\n\tif(event.keyCode == 13){\n\t\tif
      (document.getElementById(\"div_lgi\") != null) {\n\t\t\tif (document.activeElement
      == document.getElementById(\"inname\") || \n\t\t\t\tdocument.activeElement ==
      document.getElementById(\"inpwd\"))\n\t\t\t\tdocument.getElementById(\"div_lgi\").click();\n\t\t}\n\t}\n}\n</script>\n</head>\n<body
      onload=\"SetBtnVal()\" onkeydown=\"on_return(event);\">\n<center>\n<br><br><br><br><br><br>\n<form
      method=\"post\" name = \"login\" action=\"login.cgi\">\n<div id=\"log_image\"
      style=\"background-color:#F2F2F3; font-size:16px; color: #000000; width:350px;
      height:250px\";>\n\t<div id=\"text_box\" style=\"position: relative; left:0px;
      top:30px\";>\n\t\t<div id=\"div_name\">Username   <input id=\"inname\" type=\"text\"
      name=\"username\"></div>\n\t\t<br><br>\n\t\t<div id=\"div_pwd\">Password  <input
      id=\"inpwd\" type=\"password\" name=\"password\"></div>\n\t\t<br><br>\n\t\t<input
      id=\"div_lgi\" type=\"button\" onclick=\"formSubmit()\" value=\" Login \">\n\t\t<input
      type=\"hidden\" name=\"language\" value=\"EN\">\n\t</div>\n</div>\n<input type=\"hidden\"
      name=\"Response\" value=\"\">\n</form>\n</center>\n</body>\n</html>\n"
    headers:
      Content-Type:
      - text/html; charset=utf-8
    status: 200 OK
    code: 200
    duration: ""
- request:
    body: ""
    form: {}
    headers:
      Cookie:
      - admin=f6fdffe48c908deb0f4c3bd36c032e72
    url: http://localhost
    method: GET
  response:
    body: |
      <html>
      <head>
      <meta HTTP-EQUIV="Content-Type" CONTENT="text/html; charset=UTF-8">
      <title>ZX-SWTG124AS</title>
      </head>

      <frameset cols="0, 250,*">
      <frame name="hidden_frame" frameborder="0" src="hidden.cgi" >
      <frame name="menu-frame" target="main-frame" src="menu.cgi" >
      <frameset rows="130,*">
      <frame name="panel-frame" scrolling="no" src="panel.cgi" noresize>
      <frame name="main-frame" src="info.cgi" noresize>
      <noframes>
      <body>
      <p>This page uses frames, but the browser does not support them.</p>
      </body>
      </noframes>
      </frameset>
      </html>
    headers:
      Content-Type:
      - text/html
    status: 200 OK
    code: 200
    duration: ""
- request:
    body: ""
    form: {}
    headers:
      Cookie:
      - admin=f6fdffe48c908deb0f4c3bd36c032e72
    url: http://localhost/loop.cgi?page=stp_port
    method: GET
  response:
    body: |
      <html>

      <head>
      <title>Spanning Tree Port Setting</title>
      <link rel="stylesheet" type="text/css" href="/style.css">
      <script type="text/javascript">
      </script>
      </head>

      <body>
      <center>

      <fieldset>
      <legend>Spanning Tree Port Setting</legend>
      <form method="post" action="loop.cgi?page=stp_port">
        <table border="1">
          <tr>
            <th >Port</th>
            <th width="210">Path Cost</th>
            <th width="100">Priority</th>
            <th width="100">P2P</th>
            <th width="100">Edge</th>
          </tr>
          <tr>
            <td align="center">
              <select name="portid" multiple size="6" >
                <option value="0">Port 1
                <option value="1">Port 2
                <option value="2">Port 3
                <option value="3">Port 4
                <option value="4">Port 5
                <option value="5">Port 6
            </td>
            <td align="center"><input type="text" size="10" name="cost" maxlength="9" value="0"> <br>(1~200000000),0=Auto</td>
            <td align="center">
              <select name="priority" size="1">
                <option value="0">0
                <option value="16">16
                <option value="32">32
                <option value="48">48
                <option value="64">64
                <option value="80">80
                <option value="96">96
                <option value="112">112
                <option value="128" selected>128
                <option value="144">144
                <option value="160">160
                <option value="176">176
                <option value="192">192
                <option value="208">208
                <option value="224">224
                <option value="240">240
              </select>
            </td>
            <td align="center">
              <select name="p2p">
                <option value="false">False
                <option value="true">True
                <option value="auto" selected>Auto
              </select>
            </td>
            <td align="center">
              <select name="edge">
                <option value="false">False
                <option value="true">True
              </select>
            </td>
          </tr>
        </table>
        <br style="line-height:50%">
        <input type="submit" name="submit" value="   Apply   ">
        <input type="hidden" name="cmd" value="stp_port">
      </form>
      <hr>
      <br>
      <table border="1">
        <tr>
          <th rowspan="2" width="115">Port</th>
          <th rowspan="2" width="165">State</th>
          <th rowspan="2" width="165">Role</th>
          <th colspan="2" width="165">Path Cost</th>
          <th rowspan="2" width="90">Priority</th>
          <th colspan="2" width="90">P2P</th>
          <th colspan="2" width="90">Edge</th>
        </tr>
        <tr>
          <th>Config</th>
          <th>Actual</th>
          <th>Config</th>
          <th>Actual</th>
          <th>Config</th>
          <th>Actual</th>
        </tr>
        <tr>
          <td>Port 1</td>
          <td align="center">Forwarding</td>
      <td align="center">Disabled</td>
      <td align="center">200000</td>
      <td align="center">200000</td>
          <td align="center">128</td>
          <td align="center">True</td>
      <td align="center">TRUE</td>
          <td align="center">True</td>
          <td align="center">False</td>
        </tr>
        <tr>
          <td>Port 2</td>
          <td align="center">Forwarding</td>
      <td align="center">Disabled</td>
      <td align="center">Auto</td>
      <td align="center">2000000</td>
          <td align="center">128</td>
          <td align="center">True</td>
      <td align="center">TRUE</td>
          <td align="center">False</td>
          <td align="center">False</td>
        </tr>
        <tr>
          <td>Port 3</td>
          <td align="center">Forwarding</td>
      <td align="center">Disabled</td>
      <td align="center">Auto</td>
      <td align="center">2000000</td>
          <td align="center">128</td>
          <td align="center">True</td>
      <td align="center">TRUE</td>
          <td align="center">False</td>
          <td align="center">False</td>
        </tr>
        <tr>
          <td>Port 4</td>
          <td align="center">Forwarding</td>
      <td align="center">Disabled</td>
      <td align="center">Auto</td>
      <td align="center">2000000</td>
          <td align="center">128</td>
          <td align="center">True</td>
      <td align="center">TRUE</td>
          <td align="center">False</td>
          <td align="center">False</td>
        </tr>
        <tr>
          <td>Port 5</td>
          <td align="center">Forwarding</td>
      <td align="center">Disabled</td>
      <td align="center">Auto</td>
      <td align="center">2000000</td>
          <td align="center">128</td>
          <td align="center">True</td>
      <td align="center">TRUE</td>
          <td align="center">False</td>
          <td align="center">False</td>
        </tr>
        <tr>
          <td>Port 6</td>
          <td align="center">Forwarding</td>
      <td align="center">Disabled</td>
      <td align="center">Auto</td>
      <td align="center">2000000</td>
          <td align="center">128</td>
          <td align="center">True</td>
      <td align="center">TRUE</td>
          <td align="center">False</td>
          <td align="center">False</td>
        </tr>
      </table>
      <br>
      </fieldset>
      </center>
      </body>
      </html>
    headers:
      Content-Type:
      - text/html
    status: 200 OK
    code: 200
    duration: ""
- request:
    body: Response=f6fdffe48c908deb0f4c3bd36c032e72&language=EN&username=admin
    form:
      Response:
      - f6fdffe48c908deb0f4c3bd36c032e72
      language:
      - EN
      username:
      - admin
    headers:
      Content-Type:
      - application/x-www-form-urlencoded
      Cookie:
      - admin=f6fdffe48c908deb0f4c3bd36c032e72
    url: http://localhost/login.cgi
    method: POST
  response:
    body: |
      <html>

      <head>
      <title>ZX-SWTG124AS</title>
      </head>

      <body>
      <script type="text/javascript">
      window.top.location.replace("/");
      </script>
      </body>
      </html>
    headers:
      Content-Type:
      - text/html
    status: 200 OK
    code: 200
    duration: ""
- request:
    body: ""
    form: {}
    headers:
      Cookie:
      - admin=f6fdffe48c908deb0f4c3bd36c032e72
    url: http://localhost/login.cgi
    method: GET
  response:
    body: "<html>\n<head>\n<title>ZX-SWTG124AS</title>\n<script language=\"javascript\"
      src=\"md5.js\"></script>\n<script language=\"JavaScript\">\nfunction SetBtnVal()\n{\n\tdocument.cookie
      = \"admin=\";\n};\nfunction formSubmit()\n{\n\tvar str = document.login.username.value
      + document.login.password.value \n\tdocument.login.Response.value = hex_md5(str);\n\tdocument.cookie
      = \"admin=\"+document.login.Response.value;\n\tdocument.login.submit();\n}\nfunction
      radio_ch_sel()\n{\n\tdocument.getElementById(\"div_name\").innerHTML = \"用户
      \  <input id='inname' type='text' name='username'>\";\n\tdocument.getElementById(\"div_pwd\").innerHTML
      = \"密码   <input id='inpwd' type='password' name='password'>\";\n\tdocument.getElementById(\"div_lgi\").value
      = \"登录\";\n}\nfunction radio_en_sel()\n{\n\tdocument.getElementById(\"div_name\").innerHTML
      = \"Username   <input id='inname' type='text' name='username'>\";\n\tdocument.getElementById(\"div_pwd\").innerHTML
      = \"Password   <input id='inpwd' type='password' name='password'>\";\n\tdocument.getElementById(\"div_lgi\").value
      = \"Login\";\n}\nfunction on_return(event)\n{\n\tif(event.keyCode == 13){\n\t\tif
      (document.getElementById(\"div_lgi\") != null) {\n\t\t\tif (document.activeElement
      == document.getElementById(\"inname\") || \n\t\t\t\tdocument.activeElement ==
      document.getElementById(\"inpwd\"))\n\t\t\t\tdocument.getElementById(\"div_lgi\").click();\n\t\t}\n\t}\n}\n</script>\n</head>\n<body
      onload=\"SetBtnVal()\" onkeydown=\"on_return(event);\">\n<center>\n<br><br><br><br><br><br>\n<form
      method=\"post\" name = \"login\" action=\"login.cgi\">\n<div id=\"log_image\"
      style=\"background-color:#F2F2F3; font-size:16px; color: #000000; width:350px;
      height:250px\";>\n\t<div id=\"text_box\" style=\"position: relative; left:0px;
      top:30px\";>\n\t\t<div id=\"div_name\">Username   <input id=\"inname\" type=\"text\"
      name=\"username\"></div>\n\t\t<br><br>\n\t\t<div id=\"div_pwd\">Password  <input
      id=\"inpwd\" type=\"password\" name=\"password\"></div>\n\t\t<br><br>\n\t\t<input
      id=\"div_lgi\" type=\"button\" onclick=\"formSubmit()\" value=\" Login \">\n\t\t<input
      type=\"hidden\" name=\"language\" value=\"EN\">\n\t</div>\n</div>\n<input type=\"hidden\"
      name=\"Response\" value=\"\">\n</form>\n</center>\n</body>\n</html>\n"
    headers:
      Content-Type:
      - text/html; charset=utf-8
    status: 200 OK
    code: 200
    duration: ""
- request:
    body: ""
    form: {}
    headers:
      Cookie:
      - admin=f6fdffe48c908deb0f4c3bd36c032e72
    url: http://localhost
    method: GET
  response:
    body: |
      <html>
      <head>
      <meta HTTP-EQUIV="Content-Type" CONTENT="text/html; charset=UTF-8">
      <title>ZX-SWTG124AS</title>
      </head>

      <frameset cols="0, 250,*">
      <frame name="hidden_frame" frameborder="0" src="hidden.cgi" >
      <frame name="menu-frame" target="main-frame" src="menu.cgi" >
      <frameset rows="130,*">
      <frame name="panel-frame" scrolling="no" src="panel.cgi" noresize>
      <frame name="main-frame" src="info.cgi" noresize>
      <noframes>
      <body>
      <p>This page uses frames, but the browser does not support them.</p>
      </body>
      </noframes>
      </frameset>
      </html>
    headers:
      Content-Type:
      - text/html
    status: 200 OK
    code: 200
    duration: ""
- request:
    body: ""
    form: {}
    headers:
      Cookie:
      - admin=f6fdffe48c908deb0f4c3bd36c032e72
    url: http://localhost/loop.cgi?page=stp_port
    method: GET
  response:
    body: |
      <html>

      <head>
      <title>Spanning Tree Port Setting</title>
      <link rel="stylesheet" type="text/css" href="/style.css">
      <script type="text/javascript">
      </script>
      </head>

      <body>
      <center>

      <fieldset>
      <legend>Spanning Tree Port Setting</legend>
      <form method="post" action="loop.cgi?page=stp_port">
        <table border="1">
          <tr>
            <th >Port</th>
            <th width="210">Path Cost</th>
            <th width="100">Priority</th>
            <th width="100">P2P</th>
            <th width="100">Edge</th>
          </tr>
          <tr>
            <td align="center">
              <select name="portid" multiple size="6" >
                <option value="0">Port 1
                <option value="1">Port 2
                <option value="2">Port 3
                <option value="3">Port 4
                <option value="4">Port 5
                <option value="5">Port 6
            </td>
            <td align="center"><input type="text" size="10" name="cost" maxlength="9" value="0"> <br>(1~200000000),0=Auto</td>
            <td align="center">
              <select name="priority" size="1">
                <option value="0">0
                <option value="16">16
                <option value="32">32
                <option value="48">48
                <option value="64">64
                <option value="80">80
                <option value="96">96
                <option value="112">112
                <option value="128" selected>128
                <option value="144">144
                <option value="160">160
                <option value="176">176
                <option value="192">192
                <option value="208">208
                <option value="224">224
                <option value="240">240
              </select>
            </td>
            <td align="center">
              <select name="p2p">
                <option value="false">False
                <option value="true">True
                <option value="auto" selected>Auto
              </select>
            </td>
            <td align="center">
              <select name="edge">
                <option value="false">False
                <option value="true">True
              </select>
            </td>
          </tr>
        </table>
        <br style="line-height:50%">
        <input type="submit" name="submit" value="   Apply   ">
        <input type="hidden" name="cmd" value="stp_port">
      </form>
      <hr>
      <br>
      <table border="1">
        <tr>
          <th rowspan="2" width="115">Port</th>
          <th rowspan="2" width="165">State</th>
          <th rowspan="2" width="165">Role</th>
          <th colspan="2" width="165">Path Cost</th>
          <th rowspan="2" width="90">Priority</th>
          <th colspan="2" width="90">P2P</th>
          <th colspan="2" width="90">Edge</th>
        </tr>
        <tr>
          <th>Config</th>
          <th>Actual</th>
          <th>Config</th>
          <th>Actual</th>
          <th>Config</th>
          <th>Actual</th>
        </tr>
        <tr>
          <td>Port 1</td>
          <td align="center">Forwarding</td>
      <td align="center">Disabled</td>
      <td align="center">200000</td>
      <td align="center">200000</td>
          <td align="center">128</td>
          <td align="center">True</td>
      <td align="center">TRUE</td>
          <td align="center">True</td>
          <td align="center">False</td>
        </tr>
        <tr>
          <td>Port 2</td>
          <td align="center">Forwarding</td>
      <td align="center">Disabled</td>
      <td align="center">Auto</td>
      <td align="center">2000000</td>
          <td align="center">128</td>
          <td align="center">True</td>
      <td align="center">TRUE</td>
          <td align="center">False</td>
          <td align="center">False</td>
        </tr>
        <tr>
          <td>Port 3</td>
          <td align="center">Forwarding</td>
      <td align="center">Disabled</td>
      <td align="center">Auto</td>
      <td align="center">2000000</td>
          <td align="center">128</td>
          <td align="center">True</td>
      <td align="center">TRUE</td>
          <td align="center">False</td>
          <td align="center">False</td>
        </tr>
        <tr>
          <td>Port 4</td>
          <td align="center">Forwarding</td>
      <td align="center">Disabled</td>
      <td align="center">Auto</td>
      <td align="center">2000000</td>
          <td align="center">128</td>
          <td align="center">True</td>
      <td align="center">TRUE</td>
          <td align="center">False</td>
          <td align="center">False</td>
        </tr>
        <tr>
          <td>Port 5</td>
          <td align="center">Forwarding</td>
      <td align="center">Disabled</td>
      <td align="center">Auto</td>
      <td align="center">2000000</td>
          <td align="center">128</td>
          <td align="center">True</td>
      <td align="center">TRUE</td>
          <td align="center">False</td>
          <td align="center">False</td>
        </tr>
        <tr>
          <td>Port 6</td>
          <td align="center">Forwarding</td>
      <td align="center">Disabled</td>
      <td align="center">Auto</td>
      <td align="center">2000000</td>
          <td align="center">128</td>
          <td align="center">True</td>
      <td align="center">TRUE</td>
          <td align="center">False</td>
          <td align="center">False</td>
        </tr>
      </table>
      <br>
      </fieldset>
      </center>
      </body>
      </html>
    headers:
      Content-Type:
      - text/html
    status: 200 OK
    code: 200
    duration: ""
- request:
    body: Response=f6fdffe48c908deb0f4c3bd36c032e72&language=EN&username=admin
    form:
      Response:
      - f6fdffe48c908deb0f4c3bd36c032e72
      language:
      - EN
      username:
      - admin
    headers:
      Content-Type:
      - application/x-www-form-urlencoded
      Cookie:
      - admin=f6fdffe48c908deb0f4c3bd36c032e72
    url: http://localhost/login.cgi
    method: POST
  response:
    body: |
      <html>

      <head>
      <title>ZX-SWTG124AS</title>
      </head>

      <body>
      <script type="text/javascript">
      window.top.location.replace("/");
      </script>
      </body>
      </html>
    headers:
      Content-Type:
      - text/html
    status: 200 OK
    code: 200
    duration: ""
- request:
    body: ""
    form: {}
    headers:
      Cookie:
      - admin=f6fdffe48c908deb0f4c3bd36c032e72
    url: http://localhost/login.cgi
    method: GET
  response:
    body: "<html>\n<head>\n<title>ZX-SWTG124AS</title>\n<script language=\"javascript\"
      src=\"md5.js\"></script>\n<script language=\"JavaScript\">\nfunction SetBtnVal()\n{\n\tdocument.cookie
      = \"admin=\";\n};\nfunction formSubmit()\n{\n\tvar str = document.login.username.value
      + document.login.password.value \n\tdocument.login.Response.value = hex_md5(str);\n\tdocument.cookie
      = \"admin=\"+document.login.Response.value;\n\tdocument.login.submit();\n}\nfunction
      radio_ch_sel()\n{\n\tdocument.getElementById(\"div_name\").innerHTML = \"用户
      \  <input id='inname' type='text' name='username'>\";\n\tdocument.getElementById(\"div_pwd\").innerHTML
      = \"密码   <input id='inpwd' type='password' name='password'>\";\n\tdocument.getElementById(\"div_lgi\").value
      = \"登录\";\n}\nfunction radio_en_sel()\n{\n\tdocument.getElementById(\"div_name\").innerHTML
      = \"Username   <input id='inname' type='text' name='username'>\";\n\tdocument.getElementById(\"div_pwd\").innerHTML
      = \"Password   <input id='inpwd' type='password' name='password'>\";\n\tdocument.getElementById(\"div_lgi\").value
      = \"Login\";\n}\nfunction on_return(event)\n{\n\tif(event.keyCode == 13){\n\t\tif
      (document.getElementById(\"div_lgi\") != null) {\n\t\t\tif (document.activeElement
      == document.getElementById(\"inname\") || \n\t\t\t\tdocument.activeElement ==
      document.getElementById(\"inpwd\"))\n\t\t\t\tdocument.getElementById(\"div_lgi\").click();\n\t\t}\n\t}\n}\n</script>\n</head>\n<body
      onload=\"SetBtnVal()\" onkeydown=\"on_return(event);\">\n<center>\n<br><br><br><br><br><br>\n<form
      method=\"post\" name = \"login\" action=\"login.cgi\">\n<div id=\"log_image\"
      style=\"background-color:#F2F2F3; font-size:16px; color: #000000; width:350px;
      height:250px\";>\n\t<div id=\"text_box\" style=\"position: relative; left:0px;
      top:30px\";>\n\t\t<div id=\"div_name\">Username   <input id=\"inname\" type=\"text\"
      name=\"username\"></div>\n\t\t<br><br>\n\t\t<div id=\"div_pwd\">Password  <input
      id=\"inpwd\" type=\"password\" name=\"password\"></div>\n\t\t<br><br>\n\t\t<input
      id=\"div_lgi\" type=\"button\" onclick=\"formSubmit()\" value=\" Login \">\n\t\t<input
      type=\"hidden\" name=\"language\" value=\"EN\">\n\t</div>\n</div>\n<input type=\"hidden\"
      name=\"Response\" value=\"\">\n</form>\n</center>\n</body>\n</html>\n"
    headers:
      Content-Type:
      - text/html; charset=utf-8
    status: 200 OK
    code: 200
    duration: ""
- request:
    body: ""
    form: {}
    headers:
      Cookie:
      - admin=f6fdffe48c908deb0f4c3bd36c032e72
    url: http://localhost
    method: GET
  response:
    body: |
      <html>
      <head>
      <meta HTTP-EQUIV="Content-Type" CONTENT="text/html; charset=UTF-8">
      <title>ZX-SWTG124AS</title>
      </head>

      <frameset cols="0, 250,*">
      <frame name="hidden_frame" frameborder="0" src="hidden.cgi" >
      <frame name="menu-frame" target="main-frame" src="menu.cgi" >
      <frameset rows="130,*">
      <frame name="panel-frame" scrolling="no" src="panel.cgi" noresize>
      <frame name="main-frame" src="info.cgi" noresize>
      <noframes>
      <body>
      <p>This page uses frames, but the browser does not support them.</p>
      </body>
      </noframes>
      </frameset>
      </html>
    headers:
      Content-Type:
      - text/html
    status: 200 OK
    code: 200
    duration: ""
- request:
    body: ""
    form: {}
    headers:
      Cookie:
      - admin=f6fdffe48c908deb0f4c3bd36c032e72
    url: http://localhost/port.cgi
    method: GET
  response:
    body: "<html>\n\n<head>\n<title>Port Setting</title>\n<link rel=\"stylesheet\"
      type=\"text/css\" href=\"/style.css\">\n<script type=\"text/javascript\">\n</script>\n</head>\n\n<body>\n<center>\n\n<fieldset>\n<legend>Port
      Setting</legend>\n<form method=\"post\" action=\"port.cgi\">\n\t<table border=\"1\">\n\t<tr>\n\t\t<th
      class=MidSize>Port</th>\n\t\t<th>State</th>\n\t\t<th>Speed/Duplex</th>\n\t\t<th>Flow
      Control</th>\n\t</tr>\n\t<tr>\n\t\t<td align=\"center\">\n\t\t\t<select name=\"portid\"
      multiple size=\"4\" >\n\t\t\t<option value=\"0\">Port 1\n\t\t\t<option value=\"1\">Port
      2\n\t\t\t<option value=\"2\">Port 3\n\t\t\t<option value=\"3\">Port 4\n\t\t</td>\n\t\t<td
      align=\"center\">\n\t\t\t<select name=\"state\" class=MidSize>\n\t\t\t<option
      value=\"1\">Enable\n\t\t\t<option value=\"0\">Disable\n\t\t\t</select>\n\t\t</td>\n\t\t<td
      align=\"center\">\n\t\t\t<select name=\"speed_duplex\" class=MidSize>\n\t\t\t<option
      value=\"0\">Auto\n\t\t\t<option value=\"1\">10M/Half\n\t\t\t<option value=\"2\">10M/Full\n\t\t\t<option
      value=\"3\">100M/Half\n\t\t\t<option value=\"4\">100M/Full\n\t\t\t<option value=\"5\">1000M/Full\n\t\t\t<option
      value=\"6\">2500M/Full\n\t\t\t</select>\n\t\t</td>\n\t\t<td align=\"center\">\n\t\t\t<select
      name=\"flow\" class=MidSize>\n\t\t\t<option value=\"0\">Off\n\t\t\t<option value=\"1\">On\n\t\t\t</select>\n\t\t</td>\n\t</tr>\n\t</table>\n<br
      style=\"line-height:50%\">\n<input type=\"submit\" name=\"submit\" value=\"
      \  Apply   \">\n<input type=\"hidden\" name=\"cmd\" value=\"port\">\n</form>\n<hr>\n<form
      method=\"post\" action=\"port.cgi\">\n\t<table border=\"1\">\n\t<tr>\n\t\t<th
      class=MidSize>Port</th>\n\t\t<th>State</th>\n\t\t<th>Speed/Duplex</th>\n\t\t<th>Flow
      Control</th>\n\t</tr>\n\t<tr>\n\t\t<td align=\"center\">\n\t\t\t<select name=\"portid\"
      multiple size=\"2\" >\n\t\t\t<option value=\"4\">Port 5\n\t\t\t<option value=\"5\">Port
      6\n\t\t</td>\n\t\t<td align=\"center\">\n\t\t\t<select name=\"state\" class=MidSize>\n\t\t\t<option
      value=\"1\">Enable\n\t\t\t<option value=\"0\">Disable\n\t\t\t</select>\n\t\t</td>\n\t\t<td
      align=\"center\">\n\t\t\t<select name=\"speed_duplex\" class=MidSize>\n\t\t\t<option
      value=\"0\">Auto\n\t\t\t<option value=\"4\">100M/Full\n\t\t\t<option value=\"5\">1000M/Full\n\t\t\t<option
      value=\"6\">2500M/Full\n\t\t\t<option value=\"8\">10G/Full\n\t\t\t</select>\n\t\t</td>\n\t\t<td
      align=\"center\">\n\t\t\t<select name=\"flow\" class=MidSize>\n\t\t\t<option
      value=\"0\">Off\n\t\t\t<option value=\"1\">On\n\t\t\t</select>\n\t\t</td>\n\t</tr>\n\t</table>\n<br
      style=\"line-height:50%\">\n<input type=\"submit\" name=\"submit\" value=\"
      \  Apply   \">\n<input type=\"hidden\" name=\"cmd\" value=\"port\">\n</form>\n<hr>\n<br>\n<table
      border=\"1\">\n  <tr>\n    <th rowspan=\"2\" width=\"90\">Port</th>\n    <th
      rowspan=\"2\" width=\"90\">State</th>\n    <th colspan=\"2\">Speed/Duplex</th>\n
      \   <th colspan=\"2\">Flow Control</th>\n  </tr>\n  <tr>\n    <th width=\"90\">Config</th>\n
      \   <th width=\"90\">Actual</th>\n    <th width=\"90\">Config</th>\n    <th
      width=\"90\">Actual</th>\n  </tr>\n  <tr>\n    <td>Port 1</td>\n    <td>Enable</td>\n
      \   <td>Auto</td>\n    <td>1000Full</td>\n    <td>Off</td>\n    <td>Off</td>\n
      \ </tr>\n  <tr>\n    <td>Port 2</td>\n    <td>Enable</td>\n    <td>Auto</td>\n
      \   <td>Link Down</td>\n    <td>Off</td>\n    <td>Off</td>\n  </tr>\n  <tr>\n
      \   <td>Port 3</td>\n    <td>Enable</td>\n    <td>Auto</td>\n    <td>Link Down</td>\n
      \   <td>Off</td>\n    <td>Off</td>\n  </tr>\n  <tr>\n    <td>Port 4</td>\n    <td>Enable</td>\n
      \   <td>Auto</td>\n    <td>Link Down</td>\n    <td>Off</td>\n    <td>Off</td>\n
      \ </tr>\n  <tr>\n    <td>Port 5</td>\n    <td>Enable</td>\n    <td>Auto</td>\n
      \   <td>Link Down</td>\n    <td>Off</td>\n    <td>Off</td>\n  </tr>\n  <tr>\n
      \   <td>Port 6</td>\n    <td>Enable</td>\n    <td>Auto</td>\n    <td>Link Down</td>\n
      \   <td>Off</td>\n    <td>Off</td>\n  </tr>\n</table>\n<br>\n</fieldset>\n</center>\n</body>\n</html>\n"
    headers:
      Content-Type:
      - text/html
    status: 200 OK
    code: 200
    duration: ""
- request:
    body: cmd=stp_port&cost=100000&edge=false&p2p=&portid=0&priority=64&submit=%2B%2B%2BApply%2B%2B%2B
    form:
      cmd:
      - stp_port
      cost:
      - "100000"
      edge:
      - "false"
      p2p:
      - ""
      portid:
      - "0"
      priority:
      - "64"
      submit:
      - +++Apply+++
    headers:
      Content-Type:
      - application/x-www-form-urlencoded
      Cookie:
      - admin=f6fdffe48c908deb0f4c3bd36c032e72
    url: http://localhost/loop.cgi?page=stp_port
    method: POST
  response:
    body: |
      <html>

      <head>
      <title>Spanning Tree Port Setting</title>
      <link rel="stylesheet" type="text/css" href="/style.css">
      <script type="text/javascript">
      </script>
      </head>

      <body>
      <center>

      <fieldset>
      <legend>Spanning Tree Port Setting</legend>
      <form method="post" action="loop.cgi?page=stp_port">
        <table border="1">
          <tr>
            <th >Port</th>
            <th width="210">Path Cost</th>
            <th width="100">Priority</th>
            <th width="100">P2P</th>
            <th width="100">Edge</th>
          </tr>
          <tr>
            <td align="center">
              <select name="portid" multiple size="6" >
                <option value="0">Port 1
                <option value="1">Port 2
                <option value="2">Port 3
                <option value="3">Port 4
                <option value="4">Port 5
                <option value="5">Port 6
            </td>
            <td align="center"><input type="text" size="10" name="cost" maxlength="9" value="0"> <br>(1~200000000),0=Auto</td>
            <td align="center">
              <select name="priority" size="1">
                <option value="0">0
                <option value="16">16
                <option value="32">32
                <option value="48">48
                <option value="64">64
                <option value="80">80
                <option value="96">96
                <option value="112">112
                <option value="128" selected>128
                <option value="144">144
                <option value="160">160
                <option value="176">176
                <option value="192">192
                <option value="208">208
                <option value="224">224
                <option value="240">240
              </select>
            </td>
            <td align="center">
              <select name="p2p">
                <option value="false">False
                <option value="true">True
                <option value="auto" selected>Auto
              </select>
            </td>
            <td align="center">
              <select name="edge">
                <option value="false">False
                <option value="true">True
              </select>
            </td>
          </tr>
        </table>
        <br style="line-height:50%">
        <input type="submit" name="submit" value="   Apply   ">
        <input type="hidden" name="cmd" value="stp_port">
      </form>
      <hr>
      <br>
      <table border="1">
        <tr>
          <th rowspan="2" width="115">Port</th>
          <th rowspan="2" width="165">State</th>
          <th rowspan="2" width="165">Role</th>
          <th colspan="2" width="165">Path Cost</th>
          <th rowspan="2" width="90">Priority</th>
          <th colspan="2" width="90">P2P</th>
          <th colspan="2" width="90">Edge</th>
        </tr>
        <tr>
          <th>Config</th>
          <th>Actual</th>
          <th>Config</th>
          <th>Actual</th>
          <th>Config</th>
          <th>Actual</th>
        </tr>
        <tr>
          <td>Port 1</td>
          <td align="center">Forwarding</td>
      <td align="center">Disabled</td>
      <td align="center">100000</td>
      <td align="center">100000</td>
          <td align="center">64</td>
          <td align="center">Auto</td>
      <td align="center">TRUE</td>
          <td align="center">False</td>
          <td align="center">False</td>
        </tr>
        <tr>
          <td>Port 2</td>
          <td align="center">Forwarding</td>
      <td align="center">Disabled</td>
      <td align="center">Auto</td>
      <td align="center">2000000</td>
          <td align="center">128</td>
          <td align="center">True</td>
      <td align="center">TRUE</td>
          <td align="center">False</td>
          <td align="center">False</td>
        </tr>
        <tr>
          <td>Port 3</td>
          <td align="center">Forwarding</td>
      <td align="center">Disabled</td>
      <td align="center">Auto</td>
      <td align="center">2000000</td>
          <td align="center">128</td>
          <td align="center">True</td>
      <td align="center">TRUE</td>
          <td align="center">False</td>
          <td align="center">False</td>
        </tr>
        <tr>
          <td>Port 4</td>
          <td align="center">Forwarding</td>
      <td align="center">Disabled</td>
      <td align="center">Auto</td>
      <td align="center">2000000</td>
          <td align="center">128</td>
          <td align="center">True</td>
      <td align="center">TRUE</td>
          <td align="center">False</td>
          <td align="center">False</td>
        </tr>
        <tr>
          <td>Port 5</td>
          <td align="center">Forwarding</td>
      <td align="center">Disabled</td>
      <td align="center">Auto</td>
      <td align="center">2000000</td>
          <td align="center">128</td>
          <td align="center">True</td>
      <td align="center">TRUE</td>
          <td align="center">False</td>
          <td align="center">False</td>
        </tr>
        <tr>
          <td>Port 6</td>
          <td align="center">Forwarding</td>
      <td align="center">Disabled</td>
      <td align="center">Auto</td>
      <td align="center">2000000</td>
          <td align="center">128</td>
          <td align="center">True</td>
      <td align="center">TRUE</td>
          <td align="center">False</td>
          <td align="center">False</td>
        </tr>
      </table>
      <br>
      </fieldset>
      </center>
      </body>
      </html>
    headers:
      Content-Type:
      - text/html
    status: 200 OK
    code: 200
    duration: ""
- request:
    body: cmd=save
    form:
      cmd:
      - save
    headers:
      Content-Type:
      - application/x-www-form-urlencoded
      Cookie:
      - admin=f6fdffe48c908deb0f4c3bd36c032e72
    url: http://localhost/save.cgi
    method: POST
  response:
    body: |
      <html>

      <head>
      <title>Save</title>
      <link rel="stylesheet" type="text/css" href="/style.css">
      <script type="text/javascript">
      </script>
      </head>

      <body>
      <center>

      <fieldset>
      <legend>Save configuration</legend>
      <b style="font-weight:normal;font-family: Geneva, Arial, Helvetica, sans-serif;letter-spacing:.45pt">Successfully Saved</b>
      <p>
      </fieldset>
      </center>
      </body>
      </html>
    headers:
      Content-Type:
      - text/html
    status: 200 OK
    code: 200
    duration: ""
- request:
    body: ""
    form: {}
    headers:
      Cookie:
      - admin=f6fdffe48c908deb0f4c3bd36c032e72
    url: http://localhost/loop.cgi?page=stp_port
    method: GET
  response:
    body: |
      <html>

      <head>
      <title>Spanning Tree Port Setting</title>
      <link rel="stylesheet" type="text/css" href="/style.css">
      <script type="text/javascript">
      </script>
      </head>

      <body>
      <center>

      <fieldset>
      <legend>Spanning Tree Port Setting</legend>
      <form method="post" action="loop.cgi?page=stp_port">
        <table border="1">
          <tr>
            <th >Port</th>
            <th width="210">Path Cost</th>
            <th width="100">Priority</th>
            <th width="100">P2P</th>
            <th width="100">Edge</th>
          </tr>
          <tr>
            <td align="center">
              <select name="portid" multiple size="6" >
                <option value="0">Port 1
                <option value="1">Port 2
                <option value="2">Port 3
                <option value="3">Port 4
                <option value="4">Port 5
                <option value="5">Port 6
            </td>
            <td align="center"><input type="text" size="10" name="cost" maxlength="9" value="0"> <br>(1~200000000),0=Auto</td>
            <td align="center">
              <select name="priority" size="1">
                <option value="0">0
                <option value="16">16
                <option value="32">32
                <option value="48">48
                <option value="64">64
                <option value="80">80
                <option value="96">96
                <option value="112">112
                <option value="128" selected>128
                <option value="144">144
                <option value="160">160
                <option value="176">176
                <option value="192">192
                <option value="208">208
                <option value="224">224
                <option value="240">240
              </select>
            </td>
            <td align="center">
              <select name="p2p">
                <option value="false">False
                <option value="true">True
                <option value="auto" selected>Auto
              </select>
            </td>
            <td align="center">
              <select name="edge">
                <option value="false">False
                <option value="true">True
              </select>
            </td>
          </tr>
        </table>
        <br style="line-height:50%">
        <input type="submit" name="submit" value="   Apply   ">
        <input type="hidden" name="cmd" value="stp_port">
      </form>
      <hr>
      <br>
      <table border="1">
        <tr>
          <th rowspan="2" width="115">Port</th>
          <th rowspan="2" width="165">State</th>
          <th rowspan="2" width="165">Role</th>
          <th colspan="2" width="165">Path Cost</th>
          <th rowspan="2" width="90">Priority</th>
          <th colspan="2" width="90">P2P</th>
          <th colspan="2" width="90">Edge</th>
        </tr>
        <tr>
          <th>Config</th>
          <th>Actual</th>
          <th>Config</th>
          <th>Actual</th>
          <th>Config</th>
          <th>Actual</th>
        </tr>
        <tr>
          <td>Port 1</td>
          <td align="center">Forwarding</td>
      <td align="center">Disabled</td>
      <td align="center">100000</td>
      <td align="center">100000</td>
          <td align="center">64</td>
          <td align="center">Auto</td>
      <td align="center">TRUE</td>
          <td align="center">False</td>
          <td align="center">False</td>
        </tr>
        <tr>
          <td>Port 2</td>
          <td align="center">Forwarding</td>
      <td align="center">Disabled</td>
      <td align="center">Auto</td>
      <td align="center">2000000</td>
          <td align="center">128</td>
          <td align="center">True</td>
      <td align="center">TRUE</td>
          <td align="center">False</td>
          <td align="center">False</td>
        </tr>
        <tr>
          <td>Port 3</td>
          <td align="center">Forwarding</td>
      <td align="center">Disabled</td>
      <td align="center">Auto</td>
      <td align="center">2000000</td>
          <td align="center">128</td>
          <td align="center">True</td>
      <td align="center">TRUE</td>
          <td align="center">False</td>
          <td align="center">False</td>
        </tr>
        <tr>
          <td>Port 4</td>
          <td align="center">Forwarding</td>
      <td align="center">Disabled</td>
      <td align="center">Auto</td>
      <td align="center">2000000</td>
          <td align="center">128</td>
          <td align="center">True</td>
      <td align="center">TRUE</td>
          <td align="center">False</td>
          <td align="center">False</td>
        </tr>
        <tr>
          <td>Port 5</td>
          <td align="center">Forwarding</td>
      <td align="center">Disabled</td>
      <td align="center">Auto</td>
      <td align="center">2000000</td>
          <td align="center">128</td>
          <td align="center">True</td>
      <td align="center">TRUE</td>
          <td align="center">False</td>
          <td align="center">False</td>
        </tr>
        <tr>
          <td>Port 6</td>
          <td align="center">Forwarding</td>
      <td align="center">Disabled</td>
      <td align="center">Auto</td>
      <td align="center">2000000</td>
          <td align="center">128</td>
          <td align="center">True</td>
      <td align="center">TRUE</td>
          <td align="center">False</td>
          <td align="center">False</td>
        </tr>
      </table>
      <br>
      </fieldset>
      </center>
      </body>
      </html>
    headers:
      Content-Type:
      - text/html
    status: 200 OK
    code: 200
    duration: ""
- request:
    body: Response=f6fdffe48c908deb0f4c3bd36c032e72&language=EN&username=admin
    form:
      Response:
      - f6fdffe48c908deb0f4c3bd36c032e72
      language:
      - EN
      username:
      - admin
    headers:
      Content-Type:
      - application/x-www-form-urlencoded
      Cookie:
      - admin=f6fdffe48c908deb0f4c3bd36c032e72
    url: http://localhost/login.cgi
    method: POST
  response:
    body: |
      <html>

      <head>
      <title>ZX-SWTG124AS</title>
      </head>

      <body>
      <script type="text/javascript">
      window.top.location.replace("/");
      </script>
      </body>
      </html>
    headers:
      Content-Type:
      - text/html
    status: 200 OK
    code: 200
    duration: ""
- request:
    body: ""
    form: {}
    headers:
      Cookie:
      - admin=f6fdffe48c908deb0f4c3bd36c032e72
    url: http://localhost/login.cgi
    method: GET
  response:
    body: "<html>\n<head>\n<title>ZX-SWTG124AS</title>\n<script language=\"javascript\"
      src=\"md5.js\"></script>\n<script language=\"JavaScript\">\nfunction SetBtnVal()\n{\n\tdocument.cookie
      = \"admin=\";\n};\nfunction formSubmit()\n{\n\tvar str = document.login.username.value
      + document.login.password.value \n\tdocument.login.Response.value = hex_md5(str);\n\tdocument.cookie
      = \"admin=\"+document.login.Response.value;\n\tdocument.login.submit();\n}\nfunction
      radio_ch_sel()\n{\n\tdocument.getElementById(\"div_name\").innerHTML = \"用户
      \  <input id='inname' type='text' name='username'>\";\n\tdocument.getElementById(\"div_pwd\").innerHTML
      = \"密码   <input id='inpwd' type='password' name='password'>\";\n\tdocument.getElementById(\"div_lgi\").value
      = \"登录\";\n}\nfunction radio_en_sel()\n{\n\tdocument.getElementById(\"div_name\").innerHTML
      = \"Username   <input id='inname' type='text' name='username'>\";\n\tdocument.getElementById(\"div_pwd\").innerHTML
      = \"Password   <input id='inpwd' type='password' name='password'>\";\n\tdocument.getElementById(\"div_lgi\").value
      = \"Login\";\n}\nfunction on_return(event)\n{\n\tif(event.keyCode == 13){\n\t\tif
      (document.getElementById(\"div_lgi\") != null) {\n\t\t\tif (document.activeElement
      == document.getElementById(\"inname\") || \n\t\t\t\tdocument.activeElement ==
      document.getElementById(\"inpwd\"))\n\t\t\t\tdocument.getElementById(\"div_lgi\").click();\n\t\t}\n\t}\n}\n</script>\n</head>\n<body
      onload=\"SetBtnVal()\" onkeydown=\"on_return(event);\">\n<center>\n<br><br><br><br><br><br>\n<form
      method=\"post\" name = \"login\" action=\"login.cgi\">\n<div id=\"log_image\"
      style=\"background-color:#F2F2F3; font-size:16px; color: #000000; width:350px;
      height:250px\";>\n\t<div id=\"text_box\" style=\"position: relative; left:0px;
      top:30px\";>\n\t\t<div id=\"div_name\">Username   <input id=\"inname\" type=\"text\"
      name=\"username\"></div>\n\t\t<br><br>\n\t\t<div id=\"div_pwd\">Password  <input
      id=\"inpwd\" type=\"password\" name=\"password\"></div>\n\t\t<br><br>\n\t\t<input
      id=\"div_lgi\" type=\"button\" onclick=\"formSubmit()\" value=\" Login \">\n\t\t<input
      type=\"hidden\" name=\"language\" value=\"EN\">\n\t</div>\n</div>\n<input type=\"hidden\"
      name=\"Response\" value=\"\">\n</form>\n</center>\n</body>\n</html>\n"
    headers:
      Content-Type:
      - text/html; charset=utf-8
    status: 200 OK
    code: 200
    duration: ""
- request:
    body: ""
    form: {}
    headers:
      Cookie:
      - admin=f6fdffe48c908deb0f4c3bd36c032e72
    url: http://localhost
    method: GET
  response:
    body: |
      <html>
      <head>
      <meta HTTP-EQUIV="Content-Type" CONTENT="text/html; charset=UTF-8">
      <title>ZX-SWTG124AS</title>
      </head>

      <frameset cols="0, 250,*">
      <frame name="hidden_frame" frameborder="0" src="hidden.cgi" >
      <frame name="menu-frame" target="main-frame" src="menu.cgi" >
      <frameset rows="130,*">
      <frame name="panel-frame" scrolling="no" src="panel.cgi" noresize>
      <frame name="main-frame" src="info.cgi" noresize>
      <noframes>
      <body>
      <p>This page uses frames, but the browser does not support them.</p>
      </body>
      </noframes>
      </frameset>
      </html>
    headers:
      Content-Type:
      - text/html
    status: 200 OK
    code: 200
    duration: ""
- request:
    body: Response=f6fdffe48c908deb0f4c3bd36c032e72&language=EN&username=admin
    form:
      Response:
      - f6fdffe48c908deb0f4c3bd36c032e72
      language:
      - EN
      username:
      - admin
    headers:
      Content-Type:
      - application/x-www-form-urlencoded
      Cookie:
      - admin=f6fdffe48c908deb0f4c3bd36c032e72
    url: http://localhost/login.cgi
    method: POST
  response:
    body: |
      <html>

      <head>
      <title>ZX-SWTG124AS</title>
      </head>

      <body>
      <script type="text/javascript">
      window.top.location.replace("/");
      </script>
      </body>
      </html>
    headers:
      Content-Type:
      - text/html
    status: 200 OK
    code: 200
    duration: ""
- request:
    body: ""
    form: {}
    headers:
      Cookie:
      - admin=f6fdffe48c908deb0f4c3bd36c032e72
    url: http://localhost/login.cgi
    method: GET
  response:
    body: "<html>\n<head>\n<title>ZX-SWTG124AS</title>\n<script language=\"javascript\"
      src=\"md5.js\"></script>\n<script language=\"JavaScript\">\nfunction SetBtnVal()\n{\n\tdocument.cookie
      = \"admin=\";\n};\nfunction formSubmit()\n{\n\tvar str = document.login.username.value
      + document.login.password.value \n\tdocument.login.Response.value = hex_md5(str);\n\tdocument.cookie
      = \"admin=\"+document.login.Response.value;\n\tdocument.login.submit();\n}\nfunction
      radio_ch_sel()\n{\n\tdocument.getElementById(\"div_name\").innerHTML = \"用户
      \  <input id='inname' type='text' name='username'>\";\n\tdocument.getElementById(\"div_pwd\").innerHTML
      = \"密码   <input id='inpwd' type='password' name='password'>\";\n\tdocument.getElementById(\"div_lgi\").value
      = \"登录\";\n}\nfunction radio_en_sel()\n{\n\tdocument.getElementById(\"div_name\").innerHTML
      = \"Username   <input id='inname' type='text' name='username'>\";\n\tdocument.getElementById(\"div_pwd\").innerHTML
      = \"Password   <input id='inpwd' type='password' name='password'>\";\n\tdocument.getElementById(\"div_lgi\").value
      = \"Login\";\n}\nfunction on_return(event)\n{\n\tif(event.keyCode == 13){\n\t\tif
      (document.getElementById(\"div_lgi\") != null) {\n\t\t\tif (document.activeElement
      == document.getElementById(\"inname\") || \n\t\t\t\tdocument.activeElement ==
      document.getElementById(\"inpwd\"))\n\t\t\t\tdocument.getElementById(\"div_lgi\").click();\n\t\t}\n\t}\n}\n</script>\n</head>\n<body
      onload=\"SetBtnVal()\" onkeydown=\"on_return(event);\">\n<center>\n<br><br><br><br><br><br>\n<form
      method=\"post\" name = \"login\" action=\"login.cgi\">\n<div id=\"log_image\"
      style=\"background-color:#F2F2F3; font-size:16px; color: #000000; width:350px;
      height:250px\";>\n\t<div id=\"text_box\" style=\"position: relative; left:0px;
      top:30px\";>\n\t\t<div id=\"div_name\">Username   <input id=\"inname\" type=\"text\"
      name=\"username\"></div>\n\t\t<br><br>\n\t\t<div id=\"div_pwd\">Password  <input
      id=\"inpwd\" type=\"password\" name=\"password\"></div>\n\t\t<br><br>\n\t\t<input
      id=\"div_lgi\" type=\"button\" onclick=\"formSubmit()\" value=\" Login \">\n\t\t<input
      type=\"hidden\" name=\"language\" value=\"EN\">\n\t</div>\n</div>\n<input type=\"hidden\"
      name=\"Response\" value=\"\">\n</form>\n</center>\n</body>\n</html>\n"
    headers:
      Content-Type:
      - text/html; charset=utf-8
    status: 200 OK
    code: 200
    duration: ""
- request:
    body: ""
    form: {}
    headers:
      Cookie:
      - admin=f6fdffe48c908deb0f4c3bd36c032e72
    url: http://localhost
    method: GET
  response:
    body: |
      <html>
      <head>
      <meta HTTP-EQUIV="Content-Type" CONTENT="text/html; charset=UTF-8">
      <title>ZX-SWTG124AS</title>
      </head>

      <frameset cols="0, 250,*">
      <frame name="hidden_frame" frameborder="0" src="hidden.cgi" >
      <frame name="menu-frame" target="main-frame" src="menu.cgi" >
      <frameset rows="130,*">
      <frame name="panel-frame" scrolling="no" src="panel.cgi" noresize>
      <frame name="main-frame" src="info.cgi" noresize>
      <noframes>
      <body>
      <p>This page uses frames, but the browser does not support them.</p>
      </body>
      </noframes>
      </frameset>
      </html>
    headers:
      Content-Type:
      - text/html
    status: 200 OK
    code: 200
    duration: ""
- request:
    body: ""
    form: {}
    headers:
      Cookie:
      - admin=f6fdffe48c908deb0f4c3bd36c032e72
    url: http://localhost/loop.cgi?page=stp_port
    method: GET
  response:
    body: |
      <html>

      <head>
      <title>Spanning Tree Port Setting</title>
      <link rel="stylesheet" type="text/css" href="/style.css">
      <script type="text/javascript">
      </script>
      </head>

      <body>
      <center>

      <fieldset>
      <legend>Spanning Tree Port Setting</legend>
      <form method="post" action="loop.cgi?page=stp_port">
        <table border="1">
          <tr>
            <th >Port</th>
            <th width="210">Path Cost</th>
            <th width="100">Priority</th>
            <th width="100">P2P</th>
            <th width="100">Edge</th>
          </tr>
          <tr>
            <td align="center">
              <select name="portid" multiple size="6" >
                <option value="0">Port 1
                <option value="1">Port 2
                <option value="2">Port 3
                <option value="3">Port 4
                <option value="4">Port 5
                <option value="5">Port 6
            </td>
            <td align="center"><input type="text" size="10" name="cost" maxlength="9" value="0"> <br>(1~200000000),0=Auto</td>
            <td align="center">
              <select name="priority" size="1">
                <option value="0">0
                <option value="16">16
                <option value="32">32
                <option value="48">48
                <option value="64">64
                <option value="80">80
                <option value="96">96
                <option value="112">112
                <option value="128" selected>128
                <option value="144">144
                <option value="160">160
                <option value="176">176
                <option value="192">192
                <option value="208">208
                <option value="224">224
                <option value="240">240
              </select>
            </td>
            <td align="center">
              <select name="p2p">
                <option value="false">False
                <option value="true">True
                <option value="auto" selected>Auto
              </select>
            </td>
            <td align="center">
              <select name="edge">
                <option value="false">False
                <option value="true">True
              </select>
            </td>
          </tr>
        </table>
        <br style="line-height:50%">
        <input type="submit" name="submit" value="   Apply   ">
        <input type="hidden" name="cmd" value="stp_port">
      </form>
      <hr>
      <br>
      <table border="1">
        <tr>
          <th rowspan="2" width="115">Port</th>
          <th rowspan="2" width="165">State</th>
          <th rowspan="2" width="165">Role</th>
          <th colspan="2" width="165">Path Cost</th>
          <th rowspan="2" width="90">Priority</th>
          <th colspan="2" width="90">P2P</th>
          <th colspan="2" width="90">Edge</th>
        </tr>
        <tr>
          <th>Config</th>
          <th>Actual</th>
          <th>Config</th>
          <th>Actual</th>
          <th>Config</th>
          <th>Actual</th>
        </tr>
        <tr>
          <td>Port 1</td>
          <td align="center">Forwarding</td>
      <td align="center">Disabled</td>
      <td align="center">100000</td>
      <td align="center">100000</td>
          <td align="center">64</td>
          <td align="center">Auto</td>
      <td align="center">TRUE</td>
          <td align="center">False</td>
          <td align="center">False</td>
        </tr>
        <tr>
          <td>Port 2</td>
          <td align="center">Forwarding</td>
      <td align="center">Disabled</td>
      <td align="center">Auto</td>
      <td align="center">2000000</td>
          <td align="center">128</td>
          <td align="center">True</td>
      <td align="center">TRUE</td>
          <td align="center">False</td>
          <td align="center">False</td>
        </tr>
        <tr>
          <td>Port 3</td>
          <td align="center">Forwarding</td>
      <td align="center">Disabled</td>
      <td align="center">Auto</td>
      <td align="center">2000000</td>
          <td align="center">128</td>
          <td align="center">True</td>
      <td align="center">TRUE</td>
          <td align="center">False</td>
          <td align="center">False</td>
        </tr>
        <tr>
          <td>Port 4</td>
          <td align="center">Forwarding</td>
      <td align="center">Disabled</td>
      <td align="center">Auto</td>
      <td align="center">2000000</td>
          <td align="center">128</td>
          <td align="center">True</td>
      <td align="center">TRUE</td>
          <td align="center">False</td>
          <td align="center">False</td>
        </tr>
        <tr>
          <td>Port 5</td>
          <td align="center">Forwarding</td>
      <td align="center">Disabled</td>
      <td align="center">Auto</td>
      <td align="center">2000000</td>
          <td align="center">128</td>
          <td align="center">True</td>
      <td align="center">TRUE</td>
          <td align="center">False</td>
          <td align="center">False</td>
        </tr>
        <tr>
          <td>Port 6</td>
          <td align="center">Forwarding</td>
      <td align="center">Disabled</td>
      <td align="center">Auto</td>
      <td align="center">2000000</td>
          <td align="center">128</td>
          <td align="center">True</td>
      <td align="center">TRUE</td>
          <td align="center">False</td>
          <td align="center">False</td>
        </tr>
      </table>
      <br>
      </fieldset>
      </center>
      </body>
      </html>
    headers:
      Content-Type:
      - text/html
    status: 200 OK
    code: 200
    duration: ""
- request:
    body: Response=f6fdffe48c908deb0f4c3bd36c032e72&language=EN&username=admin
    form:
      Response:
      - f6fdffe48c908deb0f4c3bd36c032e72
      language:
      - EN
      username:
      - admin
    headers:
      Content-Type:
      - application/x-www-form-urlencoded
      Cookie:
      - admin=f6fdffe48c908deb0f4c3bd36c032e72
    url: http://localhost/login.cgi
    method: POST
  response:
    body: |
      <html>

      <head>
      <title>ZX-SWTG124AS</title>
      </head>

      <body>
      <script type="text/javascript">
      window.top.location.replace("/");
      </script>
      </body>
      </html>
    headers:
      Content-Type:
      - text/html
    status: 200 OK
    code: 200
    duration: ""
- request:
    body: ""
    form: {}
    headers:
      Cookie:
      - admin=f6fdffe48c908deb0f4c3bd36c032e72
    url: http://localhost/login.cgi
    method: GET
  response:
    body: "<html>\n<head>\n<title>ZX-SWTG124AS</title>\n<script language=\"javascript\"
      src=\"md5.js\"></script>\n<script language=\"JavaScript\">\nfunction SetBtnVal()\n{\n\tdocument.cookie
      = \"admin=\";\n};\nfunction formSubmit()\n{\n\tvar str = document.login.username.value
      + document.login.password.value \n\tdocument.login.Response.value = hex_md5(str);\n\tdocument.cookie
      = \"admin=\"+document.login.Response.value;\n\tdocument.login.submit();\n}\nfunction
      radio_ch_sel()\n{\n\tdocument.getElementById(\"div_name\").innerHTML = \"用户
      \  <input id='inname' type='text' name='username'>\";\n\tdocument.getElementById(\"div_pwd\").innerHTML
      = \"密码   <input id='inpwd' type='password' name='password'>\";\n\tdocument.getElementById(\"div_lgi\").value
      = \"登录\";\n}\nfunction radio_en_sel()\n{\n\tdocument.getElementById(\"div_name\").innerHTML
      = \"Username   <input id='inname' type='text' name='username'>\";\n\tdocument.getElementById(\"div_pwd\").innerHTML
      = \"Password   <input id='inpwd' type='password' name='password'>\";\n\tdocument.getElementById(\"div_lgi\").value
      = \"Login\";\n}\nfunction on_return(event)\n{\n\tif(event.keyCode == 13){\n\t\tif
      (document.getElementById(\"div_lgi\") != null) {\n\t\t\tif (document.activeElement
      == document.getElementById(\"inname\") || \n\t\t\t\tdocument.activeElement ==
      document.getElementById(\"inpwd\"))\n\t\t\t\tdocument.getElementById(\"div_lgi\").click();\n\t\t}\n\t}\n}\n</script>\n</head>\n<body
      onload=\"SetBtnVal()\" onkeydown=\"on_return(event);\">\n<center>\n<br><br><br><br><br><br>\n<form
      method=\"post\" name = \"login\" action=\"login.cgi\">\n<div id=\"log_image\"
      style=\"background-color:#F2F2F3; font-size:16px; color: #000000; width:350px;
      height:250px\";>\n\t<div id=\"text_box\" style=\"position: relative; left:0px;
      top:30px\";>\n\t\t<div id=\"div_name\">Username   <input id=\"inname\" type=\"text\"
      name=\"username\"></div>\n\t\t<br><br>\n\t\t<div id=\"div_pwd\">Password  <input
      id=\"inpwd\" type=\"password\" name=\"password\"></div>\n\t\t<br><br>\n\t\t<input
      id=\"div_lgi\" type=\"button\" onclick=\"formSubmit()\" value=\" Login \">\n\t\t<input
      type=\"hidden\" name=\"language\" value=\"EN\">\n\t</div>\n</div>\n<input type=\"hidden\"
      name=\"Response\" value=\"\">\n</form>\n</center>\n</body>\n</html>\n"
    headers:
      Content-Type:
      - text/html; charset=utf-8
    status: 200 OK
    code: 200
    duration: ""
- request:
    body: ""
    form: {}
    headers:
      Cookie:
      - admin=f6fdffe48c908deb0f4c3bd36c032e72
    url: http://localhost
    method: GET
  response:
    body: |
      <html>
      <head>
      <meta HTTP-EQUIV="Content-Type" CONTENT="text/html; charset=UTF-8">
      <title>ZX-SWTG124AS</title>
      </head>

      <frameset cols="0, 250,*">
      <frame name="hidden_frame" frameborder="0" src="hidden.cgi" >
      <frame name="menu-frame" target="main-frame" src="menu.cgi" >
      <frameset rows="130,*">
      <frame name="panel-frame" scrolling="no" src="panel.cgi" noresize>
      <frame name="main-frame" src="info.cgi" noresize>
      <noframes>
      <body>
      <p>This page uses frames, but the browser does not support them.</p>
      </body>
      </noframes>
      </frameset>
      </html>
    headers:
      Content-Type:
      - text/html
    status: 200 OK
    code: 200
    duration: ""
- request:
    body: Response=f6fdffe48c908deb0f4c3bd36c032e72&language=EN&username=admin
    form:
      Response:
      - f6fdffe48c908deb0f4c3bd36c032e72
      language:
      - EN
      username:
      - admin
    headers:
      Content-Type:
      - application/x-www-form-urlencoded
      Cookie:
      - admin=f6fdffe48c908deb0f4c3bd36c032e72
    url: http://localhost/login.cgi
    method: POST
  response:
    body: |
      <html>

      <head>
      <title>ZX-SWTG124AS</title>
      </head>

      <body>
      <script type="text/javascript">
      window.top.location.replace("/");
      </script>
      </body>
      </html>
    headers:
      Content-Type:
      - text/html
    status: 200 OK
    code: 200
    duration: ""
- request:
    body: ""
    form: {}
    headers:
      Cookie:
      - admin=f6fdffe48c908deb0f4c3bd36c032e72
    url: http://localhost/login.cgi
    method: GET
  response:
    body: "<html>\n<head>\n<title>ZX-SWTG124AS</title>\n<script language=\"javascript\"
      src=\"md5.js\"></script>\n<script language=\"JavaScript\">\nfunction SetBtnVal()\n{\n\tdocument.cookie
      = \"admin=\";\n};\nfunction formSubmit()\n{\n\tvar str = document.login.username.value
      + document.login.password.value \n\tdocument.login.Response.value = hex_md5(str);\n\tdocument.cookie
      = \"admin=\"+document.login.Response.value;\n\tdocument.login.submit();\n}\nfunction
      radio_ch_sel()\n{\n\tdocument.getElementById(\"div_name\").innerHTML = \"用户
      \  <input id='inname' type='text' name='username'>\";\n\tdocument.getElementById(\"div_pwd\").innerHTML
      = \"密码   <input id='inpwd' type='password' name='password'>\";\n\tdocument.getElementById(\"div_lgi\").value
      = \"登录\";\n}\nfunction radio_en_sel()\n{\n\tdocument.getElementById(\"div_name\").innerHTML
      = \"Username   <input id='inname' type='text' name='username'>\";\n\tdocument.getElementById(\"div_pwd\").innerHTML
      = \"Password   <input id='inpwd' type='password' name='password'>\";\n\tdocument.getElementById(\"div_lgi\").value
      = \"Login\";\n}\nfunction on_return(event)\n{\n\tif(event.keyCode == 13){\n\t\tif
      (document.getElementById(\"div_lgi\") != null) {\n\t\t\tif (document.activeElement
      == document.getElementById(\"inname\") || \n\t\t\t\tdocument.activeElement ==
      document.getElementById(\"inpwd\"))\n\t\t\t\tdocument.getElementById(\"div_lgi\").click();\n\t\t}\n\t}\n}\n</script>\n</head>\n<body
      onload=\"SetBtnVal()\" onkeydown=\"on_return(event);\">\n<center>\n<br><br><br><br><br><br>\n<form
      method=\"post\" name = \"login\" action=\"login.cgi\">\n<div id=\"log_image\"
      style=\"background-color:#F2F2F3; font-size:16px; color: #000000; width:350px;
      height:250px\";>\n\t<div id=\"text_box\" style=\"position: relative; left:0px;
      top:30px\";>\n\t\t<div id=\"div_name\">Username   <input id=\"inname\" type=\"text\"
      name=\"username\"></div>\n\t\t<br><br>\n\t\t<div id=\"div_pwd\">Password  <input
      id=\"inpwd\" type=\"password\" name=\"password\"></div>\n\t\t<br><br>\n\t\t<input
      id=\"div_lgi\" type=\"button\" onclick=\"formSubmit()\" value=\" Login \">\n\t\t<input
      type=\"hidden\" name=\"language\" value=\"EN\">\n\t</div>\n</div>\n<input type=\"hidden\"
      name=\"Response\" value=\"\">\n</form>\n</center>\n</body>\n</html>\n"
    headers:
      Content-Type:
      - text/html; charset=utf-8
    status: 200 OK
    code: 200
    duration: ""
- request:
    body: ""
    form: {}
    headers:
      Cookie:
      - admin=f6fdffe48c908deb0f4c3bd36c032e72
    url: http://localhost
    method: GET
  response:
    body: |
      <html>
      <head>
      <meta HTTP-EQUIV="Content-Type" CONTENT="text/html; charset=UTF-8">
      <title>ZX-SWTG124AS</title>
      </head>

      <frameset cols="0, 250,*">
      <frame name="hidden_frame" frameborder="0" src="hidden.cgi" >
      <frame name="menu-frame" target="main-frame" src="menu.cgi" >
      <frameset rows="130,*">
      <frame name="panel-frame" scrolling="no" src="panel.cgi" noresize>
      <frame name="main-frame" src="info.cgi" noresize>
      <noframes>
      <body>
      <p>This page uses frames, but the browser does not support them.</p>
      </body>
      </noframes>
      </frameset>
      </html>
    headers:
      Content-Type:
      - text/html
    status: 200 OK
    code: 200
    duration: ""
- request:
    body: ""
    form: {}
    headers:
      Cookie:
      - admin=f6fdffe48c908deb0f4c3bd36c032e72
    url: http://localhost/port.cgi
    method: GET
  response:
    body: "<html>\n\n<head>\n<title>Port Setting</title>\n<link rel=\"stylesheet\"
      type=\"text/css\" href=\"/style.css\">\n<script type=\"text/javascript\">\n</script>\n</head>\n\n<body>\n<center>\n\n<fieldset>\n<legend>Port
      Setting</legend>\n<form method=\"post\" action=\"port.cgi\">\n\t<table border=\"1\">\n\t<tr>\n\t\t<th
      class=MidSize>Port</th>\n\t\t<th>State</th>\n\t\t<th>Speed/Duplex</th>\n\t\t<th>Flow
      Control</th>\n\t</tr>\n\t<tr>\n\t\t<td align=\"center\">\n\t\t\t<select name=\"portid\"
      multiple size=\"4\" >\n\t\t\t<option value=\"0\">Port 1\n\t\t\t<option value=\"1\">Port
      2\n\t\t\t<option value=\"2\">Port 3\n\t\t\t<option value=\"3\">Port 4\n\t\t</td>\n\t\t<td
      align=\"center\">\n\t\t\t<select name=\"state\" class=MidSize>\n\t\t\t<option
      value=\"1\">Enable\n\t\t\t<option value=\"0\">Disable\n\t\t\t</select>\n\t\t</td>\n\t\t<td
      align=\"center\">\n\t\t\t<select name=\"speed_duplex\" class=MidSize>\n\t\t\t<option
      value=\"0\">Auto\n\t\t\t<option value=\"1\">10M/Half\n\t\t\t<option value=\"2\">10M/Full\n\t\t\t<option
      value=\"3\">100M/Half\n\t\t\t<option value=\"4\">100M/Full\n\t\t\t<option value=\"5\">1000M/Full\n\t\t\t<option
      value=\"6\">2500M/Full\n\t\t\t</select>\n\t\t</td>\n\t\t<td align=\"center\">\n\t\t\t<select
      name=\"flow\" class=MidSize>\n\t\t\t<option value=\"0\">Off\n\t\t\t<option value=\"1\">On\n\t\t\t</select>\n\t\t</td>\n\t</tr>\n\t</table>\n<br
      style=\"line-height:50%\">\n<input type=\"submit\" name=\"submit\" value=\"
      \  Apply   \">\n<input type=\"hidden\" name=\"cmd\" value=\"port\">\n</form>\n<hr>\n<form
      method=\"post\" action=\"port.cgi\">\n\t<table border=\"1\">\n\t<tr>\n\t\t<th
      class=MidSize>Port</th>\n\t\t<th>State</th>\n\t\t<th>Speed/Duplex</th>\n\t\t<th>Flow
      Control</th>\n\t</tr>\n\t<tr>\n\t\t<td align=\"center\">\n\t\t\t<select name=\"portid\"
      multiple size=\"2\" >\n\t\t\t<option value=\"4\">Port 5\n\t\t\t<option value=\"5\">Port
      6\n\t\t</td>\n\t\t<td align=\"center\">\n\t\t\t<select name=\"state\" class=MidSize>\n\t\t\t<option
      value=\"1\">Enable\n\t\t\t<option value=\"0\">Disable\n\t\t\t</select>\n\t\t</td>\n\t\t<td
      align=\"center\">\n\t\t\t<select name=\"speed_duplex\" class=MidSize>\n\t\t\t<option
      value=\"0\">Auto\n\t\t\t<option value=\"4\">100M/Full\n\t\t\t<option value=\"5\">1000M/Full\n\t\t\t<option
      value=\"6\">2500M/Full\n\t\t\t<option value=\"8\">10G/Full\n\t\t\t</select>\n\t\t</td>\n\t\t<td
      align=\"center\">\n\t\t\t<select name=\"flow\" class=MidSize>\n\t\t\t<option
      value=\"0\">Off\n\t\t\t<option value=\"1\">On\n\t\t\t</select>\n\t\t</td>\n\t</tr>\n\t</table>\n<br
      style=\"line-height:50%\">\n<input type=\"submit\" name=\"submit\" value=\"
      \  Apply   \">\n<input type=\"hidden\" name=\"cmd\" value=\"port\">\n</form>\n<hr>\n<br>\n<table
      border=\"1\">\n  <tr>\n    <th rowspan=\"2\" width=\"90\">Port</th>\n    <th
      rowspan=\"2\" width=\"90\">State</th>\n    <th colspan=\"2\">Speed/Duplex</th>\n
      \   <th colspan=\"2\">Flow Control</th>\n  </tr>\n  <tr>\n    <th width=\"90\">Config</th>\n
      \   <th width=\"90\">Actual</th>\n    <th width=\"90\">Config</th>\n    <th
      width=\"90\">Actual</th>\n  </tr>\n  <tr>\n    <td>Port 1</td>\n    <td>Enable</td>\n
      \   <td>Auto</td>\n    <td>1000Full</td>\n    <td>Off</td>\n    <td>Off</td>\n
      \ </tr>\n  <tr>\n    <td>Port 2</td>\n    <td>Enable</td>\n    <td>Auto</td>\n
      \   <td>Link Down</td>\n    <td>Off</td>\n    <td>Off</td>\n  </tr>\n  <tr>\n
      \   <td>Port 3</td>\n    <td>Enable</td>\n    <td>Auto</td>\n    <td>Link Down</td>\n
      \   <td>Off</td>\n    <td>Off</td>\n  </tr>\n  <tr>\n    <td>Port 4</td>\n    <td>Enable</td>\n
      \   <td>Auto</td>\n    <td>Link Down</td>\n    <td>Off</td>\n    <td>Off</td>\n
      \ </tr>\n  <tr>\n    <td>Port 5</td>\n    <td>Enable</td>\n    <td>Auto</td>\n
      \   <td>Link Down</td>\n    <td>Off</td>\n    <td>Off</td>\n  </tr>\n  <tr>\n
      \   <td>Port 6</td>\n    <td>Enable</td>\n    <td>Auto</td>\n    <td>Link Down</td>\n
      \   <td>Off</td>\n    <td>Off</td>\n  </tr>\n</table>\n<br>\n</fieldset>\n</center>\n</body>\n</html>\n"
    headers:
      Content-Type:
      - text/html
    status: 200 OK
    code: 200
    duration: ""
- request:
    body: cmd=stp_port&cost=20000&edge=false&p2p=auto&portid=0&priority=128&submit=%2B%2B%2BApply%2B%2B%2B
    form:
      cmd:
      - stp_port
      cost:
      - "20000"
      edge:
      - "false"
      p2p:
      - auto
      portid:
      - "0"
      priority:
      - "128"
      submit:
      - +++Apply+++
    headers:
      Content-Type:
      - application/x-www-form-urlencoded
      Cookie:
      - admin=f6fdffe48c908deb0f4c3bd36c032e72
    url: http://localhost/loop.cgi?page=stp_port
    method: POST
  response:
    body: |
      <html>

      <head>
      <title>Spanning Tree Port Setting</title>
      <link rel="stylesheet" type="text/css" href="/style.css">
      <script type="text/javascript">
      </script>
      </head>

      <body>
      <center>

      <fieldset>
      <legend>Spanning Tree Port Setting</legend>
      <form method="post" action="loop.cgi?page=stp_port">
        <table border="1">
          <tr>
            <th >Port</th>
            <th width="210">Path Cost</th>
            <th width="100">Priority</th>
            <th width="100">P2P</th>
            <th width="100">Edge</th>
          </tr>
          <tr>
            <td align="center">
              <select name="portid" multiple size="6" >
                <option value="0">Port 1
                <option value="1">Port 2
                <option value="2">Port 3
                <option value="3">Port 4
                <option value="4">Port 5
                <option value="5">Port 6
            </td>
            <td align="center"><input type="text" size="10" name="cost" maxlength="9" value="0"> <br>(1~200000000),0=Auto</td>
            <td align="center">
              <select name="priority" size="1">
                <option value="0">0
                <option value="16">16
                <option value="32">32
                <option value="48">48
                <option value="64">64
                <option value="80">80
                <option value="96">96
                <option value="112">112
                <option value="128" selected>128
                <option value="144">144
                <option value="160">160
                <option value="176">176
                <option value="192">192
                <option value="208">208
                <option value="224">224
                <option value="240">240
              </select>
            </td>
            <td align="center">
              <select name="p2p">
                <option value="false">False
                <option value="true">True
                <option value="auto" selected>Auto
              </select>
            </td>
            <td align="center">
              <select name="edge">
                <option value="false">False
                <option value="true">True
              </select>
            </td>
          </tr>
        </table>
        <br style="line-height:50%">
        <input type="submit" name="submit" value="   Apply   ">
        <input type="hidden" name="cmd" value="stp_port">
      </form>
      <hr>
      <br>
      <table border="1">
        <tr>
          <th rowspan="2" width="115">Port</th>
          <th rowspan="2" width="165">State</th>
          <th rowspan="2" width="165">Role</th>
          <th colspan="2" width="165">Path Cost</th>
          <th rowspan="2" width="90">Priority</th>
          <th colspan="2" width="90">P2P</th>
          <th colspan="2" width="90">Edge</th>
        </tr>
        <tr>
          <th>Config</th>
          <th>Actual</th>
          <th>Config</th>
          <th>Actual</th>
          <th>Config</th>
          <th>Actual</th>
        </tr>
        <tr>
          <td>Port 1</td>
          <td align="center">Forwarding</td>
      <td align="center">Disabled</td>
      <td align="center">20000</td>
      <td align="center">20000</td>
          <td align="center">128</td>
          <td align="center">Auto</td>
      <td align="center">TRUE</td>
          <td align="center">False</td>
          <td align="center">False</td>
        </tr>
        <tr>
          <td>Port 2</td>
          <td align="center">Forwarding</td>
      <td align="center">Disabled</td>
      <td align="center">Auto</td>
      <td align="center">2000000</td>
          <td align="center">128</td>
          <td align="center">True</td>
      <td align="center">TRUE</td>
          <td align="center">False</td>
          <td align="center">False</td>
        </tr>
        <tr>
          <td>Port 3</td>
          <td align="center">Forwarding</td>
      <td align="center">Disabled</td>
      <td align="center">Auto</td>
      <td align="center">2000000</td>
          <td align="center">128</td>
          <td align="center">True</td>
      <td align="center">TRUE</td>
          <td align="center">False</td>
          <td align="center">False</td>
        </tr>
        <tr>
          <td>Port 4</td>
          <td align="center">Forwarding</td>
      <td align="center">Disabled</td>
      <td align="center">Auto</td>
      <td align="center">2000000</td>
          <td align="center">128</td>
          <td align="center">True</td>
      <td align="center">TRUE</td>
          <td align="center">False</td>
          <td align="center">False</td>
        </tr>
        <tr>
          <td>Port 5</td>
          <td align="center">Forwarding</td>
      <td align="center">Disabled</td>
      <td align="center">Auto</td>
      <td align="center">2000000</td>
          <td align="center">128</td>
          <td align="center">True</td>
      <td align="center">TRUE</td>
          <td align="center">False</td>
          <td align="center">False</td>
        </tr>
        <tr>
          <td>Port 6</td>
          <td align="center">Forwarding</td>
      <td align="center">Disabled</td>
      <td align="center">Auto</td>
      <td align="center">2000000</td>
          <td align="center">128</td>
          <td align="center">True</td>
      <td align="center">TRUE</td>
          <td align="center">False</td>
          <td align="center">False</td>
        </tr>
      </table>
      <br>
      </fieldset>
      </center>
      </body>
      </html>
    headers:
      Content-Type:
      - text/html
    status: 200 OK
    code: 200
    duration: ""
- request:
    body: cmd=save
    form:
      cmd:
      - save
    headers:
      Content-Type:
      - application/x-www-form-urlencoded
      Cookie:
      - admin=f6fdffe48c908deb0f4c3bd36c032e72
    url: http://localhost/save.cgi
    method: POST
  response:
    body: |
      <html>

      <head>
      <title>Save</title>
      <link rel="stylesheet" type="text/css" href="/style.css">
      <script type="text/javascript">
      </script>
      </head>

      <body>
      <center>

      <fieldset>
      <legend>Save configuration</legend>
      <b style="font-weight:normal;font-family: Geneva, Arial, Helvetica, sans-serif;letter-spacing:.45pt">Successfully Saved</b>
      <p>
      </fieldset>
      </center>
      </body>
      </html>
    headers:
      Content-Type:
      - text/html
    status: 200 OK
    code: 200
    duration: ""
